,Scrum Team,User Story Id
0,Team A,185
1,Team B,125
2,Team C,144
3,Team D,205
