,Scrum Team,Avg
0,Team A,122.25
1,Team B,119.333333
2,Team C,121.571429
3,Team D,122.888889
