,Developer,Rejects (days),Rejects (#),Debugging (days),Debugging (#),Implementation (days),Implementation (#),Bandwidth,NEXT SPRINT (days),NEXT SPRINT (#),NEXT SPRINT Bandwidth
0,Anton Easterday,0.0,0,0.0,0,0.0,0,10.0,0.0,0,20.0
1,Beau Hockensmith,0.0,0,0.0,0,0.0,0,10.0,0.0,0,20.0
2,Bruno Studley,0.0,0,0.0,0,7.0,1,3.0,0.0,0,13.0
3,Craig Garlitz,0.0,0,0.0,0,0.0,0,10.0,0.0,0,20.0
4,Francisco Hoppe,0.0,0,0.0,0,0.0,0,10.0,0.0,0,20.0
5,Glenna Mcghie,0.0,0,0.0,0,0.0,0,10.0,0.0,0,20.0
6,Gregorio Darr,0.0,0,0.0,0,0.0,0,10.0,0.0,0,20.0
7,Heriberto Martini,0.0,0,0.0,0,0.0,0,10.0,0.0,0,20.0
8,OWNER_TBD,0.0,0,0.0,0,971.0,184,,0.0,0,0.0
