,Developer,Rejects (days),Rejects (#),Debugging (days),Debugging (#),Implementation (days),Implementation (#),Bandwidth,NEXT SPRINT (days),NEXT SPRINT (#),NEXT SPRINT Bandwidth
0,Anton Easterday,0.0,0,0.0,0,0.0,0,10.0,0.0,0,20
1,Beau Hockensmith,0.0,0,0.0,0,0.0,0,10.0,0.0,0,20
2,Bruno Studley,0.0,0,0.0,0,0.0,0,10.0,0.0,0,20
3,Craig Garlitz,0.0,0,0.0,0,0.0,0,10.0,0.0,0,20
4,Francisco Hoppe,0.0,0,0.0,0,0.0,0,10.0,0.0,0,20
5,Glenna Mcghie,0.0,0,0.0,0,0.0,0,10.0,0.0,0,20
6,Gregorio Darr,0.0,0,0.0,0,0.0,0,10.0,0.0,0,20
7,Heriberto Martini,0.0,0,0.0,0,0.0,0,10.0,0.0,0,20
8,OWNER_TBD,0.0,0,0.0,0,978.0,185,,0.0,0,0
