,A,Date,Publications
0,45.123456789,2019-03-28,"['magazine', 'novel', 'textbook']"
1,34.123456789,2019-01-27,"['NY Times', 'The Atlantic', 'WSJ']"
