,User Story Id,Scrum Team,Product Manager,Developer,Estimate
0,UserStory #1,Team A,Sherlyn Cordle,Beau Hockensmith,10
1,UserStory #2,Team A,Sherlyn Cordle,Glenna Mcghie,10
2,UserStory #3,Team A,Edgar Hibbler,Francisco Hoppe,4
3,UserStory #4,Team A,Sherlyn Cordle,Beau Hockensmith,7
4,UserStory #5,Team A,Edgar Hibbler,Gregorio Darr,3
5,UserStory #6,Team A,Sherlyn Cordle,Beau Hockensmith,3
6,UserStory #7,Team A,Sherlyn Cordle,Anton Easterday,8
7,UserStory #8,Team A,Edgar Hibbler,Anton Easterday,9
8,UserStory #9,Team A,Sherlyn Cordle,Gregorio Darr,9
9,UserStory #10,Team A,Sherlyn Cordle,Gregorio Darr,9
10,UserStory #11,Team A,Edgar Hibbler,Bruno Studley,3
11,UserStory #12,Team A,Edgar Hibbler,Craig Garlitz,6
12,UserStory #13,Team A,Sherlyn Cordle,Francisco Hoppe,3
13,UserStory #14,Team A,Edgar Hibbler,Gregorio Darr,6
14,UserStory #15,Team A,Edgar Hibbler,Craig Garlitz,3
15,UserStory #16,Team A,Edgar Hibbler,Craig Garlitz,2
16,UserStory #17,Team A,Sherlyn Cordle,Bruno Studley,10
17,UserStory #18,Team A,Edgar Hibbler,Bruno Studley,1
18,UserStory #19,Team A,Sherlyn Cordle,Beau Hockensmith,2
19,UserStory #20,Team A,Sherlyn Cordle,Francisco Hoppe,8
20,UserStory #21,Team A,Edgar Hibbler,Glenna Mcghie,9
21,UserStory #22,Team A,Sherlyn Cordle,Bruno Studley,3
22,UserStory #23,Team A,Sherlyn Cordle,Heriberto Martini,2
23,UserStory #24,Team A,Edgar Hibbler,Beau Hockensmith,3
24,UserStory #25,Team A,Sherlyn Cordle,Beau Hockensmith,8
25,UserStory #26,Team A,Edgar Hibbler,Francisco Hoppe,7
26,UserStory #27,Team A,Sherlyn Cordle,Anton Easterday,7
27,UserStory #28,Team A,Edgar Hibbler,Glenna Mcghie,5
28,UserStory #29,Team A,Edgar Hibbler,Anton Easterday,8
29,UserStory #30,Team A,Edgar Hibbler,Glenna Mcghie,2
30,UserStory #31,Team A,Edgar Hibbler,Craig Garlitz,2
31,UserStory #32,Team A,Edgar Hibbler,Craig Garlitz,5
32,UserStory #33,Team A,Edgar Hibbler,Bruno Studley,4
33,UserStory #34,Team A,Sherlyn Cordle,Beau Hockensmith,9
34,UserStory #35,Team A,Edgar Hibbler,Gregorio Darr,3
35,UserStory #36,Team A,Edgar Hibbler,Gregorio Darr,10
36,UserStory #37,Team A,Edgar Hibbler,Heriberto Martini,7
37,UserStory #38,Team A,Sherlyn Cordle,Glenna Mcghie,7
38,UserStory #39,Team A,Edgar Hibbler,Anton Easterday,6
39,UserStory #40,Team A,Sherlyn Cordle,Gregorio Darr,6
40,UserStory #41,Team A,Edgar Hibbler,Francisco Hoppe,2
41,UserStory #42,Team A,Sherlyn Cordle,Heriberto Martini,4
42,UserStory #43,Team A,Edgar Hibbler,Bruno Studley,8
43,UserStory #44,Team A,Edgar Hibbler,Francisco Hoppe,1
44,UserStory #45,Team A,Edgar Hibbler,Craig Garlitz,8
45,UserStory #46,Team A,Edgar Hibbler,Bruno Studley,3
46,UserStory #47,Team A,Sherlyn Cordle,Francisco Hoppe,6
47,UserStory #48,Team A,Edgar Hibbler,Beau Hockensmith,2
48,UserStory #49,Team A,Sherlyn Cordle,Beau Hockensmith,8
49,UserStory #50,Team A,Sherlyn Cordle,Heriberto Martini,6
50,UserStory #51,Team A,Sherlyn Cordle,Beau Hockensmith,8
51,UserStory #52,Team A,Sherlyn Cordle,Craig Garlitz,5
52,UserStory #53,Team A,Edgar Hibbler,Heriberto Martini,8
53,UserStory #54,Team A,Edgar Hibbler,Craig Garlitz,6
54,UserStory #55,Team A,Edgar Hibbler,Craig Garlitz,1
55,UserStory #56,Team A,Sherlyn Cordle,Gregorio Darr,10
56,UserStory #57,Team A,Sherlyn Cordle,Bruno Studley,5
57,UserStory #58,Team A,Edgar Hibbler,Heriberto Martini,4
58,UserStory #59,Team A,Sherlyn Cordle,Beau Hockensmith,4
59,UserStory #60,Team A,Sherlyn Cordle,Anton Easterday,6
60,UserStory #61,Team A,Edgar Hibbler,Heriberto Martini,2
61,UserStory #62,Team A,Edgar Hibbler,Bruno Studley,9
62,UserStory #63,Team A,Edgar Hibbler,Glenna Mcghie,5
63,UserStory #64,Team A,Sherlyn Cordle,Francisco Hoppe,1
64,UserStory #65,Team A,Sherlyn Cordle,Craig Garlitz,9
65,UserStory #66,Team A,Edgar Hibbler,Gregorio Darr,4
66,UserStory #67,Team A,Edgar Hibbler,Beau Hockensmith,2
67,UserStory #68,Team A,Sherlyn Cordle,Gregorio Darr,9
68,UserStory #69,Team A,Edgar Hibbler,Francisco Hoppe,5
69,UserStory #70,Team A,Edgar Hibbler,Craig Garlitz,7
70,UserStory #71,Team A,Edgar Hibbler,Glenna Mcghie,3
71,UserStory #72,Team A,Edgar Hibbler,Glenna Mcghie,5
72,UserStory #73,Team A,Edgar Hibbler,Francisco Hoppe,1
73,UserStory #74,Team A,Edgar Hibbler,Heriberto Martini,2
74,UserStory #75,Team A,Sherlyn Cordle,Heriberto Martini,1
75,UserStory #76,Team A,Sherlyn Cordle,Anton Easterday,7
76,UserStory #77,Team A,Sherlyn Cordle,Gregorio Darr,3
77,UserStory #78,Team A,Sherlyn Cordle,Heriberto Martini,8
78,UserStory #79,Team A,Edgar Hibbler,Gregorio Darr,4
79,UserStory #80,Team A,Sherlyn Cordle,Bruno Studley,3
80,UserStory #81,Team A,Sherlyn Cordle,Craig Garlitz,10
81,UserStory #82,Team A,Sherlyn Cordle,Glenna Mcghie,2
82,UserStory #83,Team A,Edgar Hibbler,Gregorio Darr,2
83,UserStory #84,Team A,Edgar Hibbler,Heriberto Martini,4
84,UserStory #85,Team A,Edgar Hibbler,Beau Hockensmith,6
85,UserStory #86,Team A,Sherlyn Cordle,Craig Garlitz,2
86,UserStory #87,Team A,Sherlyn Cordle,Gregorio Darr,2
87,UserStory #88,Team A,Edgar Hibbler,Bruno Studley,7
88,UserStory #89,Team A,Edgar Hibbler,Bruno Studley,6
89,UserStory #90,Team A,Edgar Hibbler,Beau Hockensmith,3
90,UserStory #91,Team A,Sherlyn Cordle,Heriberto Martini,8
91,UserStory #92,Team A,Edgar Hibbler,Bruno Studley,10
92,UserStory #93,Team A,Edgar Hibbler,Heriberto Martini,7
93,UserStory #94,Team A,Edgar Hibbler,Anton Easterday,6
94,UserStory #95,Team A,Sherlyn Cordle,Craig Garlitz,6
95,UserStory #96,Team A,Edgar Hibbler,Heriberto Martini,1
96,UserStory #97,Team A,Edgar Hibbler,Heriberto Martini,2
97,UserStory #98,Team A,Edgar Hibbler,Anton Easterday,7
98,UserStory #99,Team A,Sherlyn Cordle,Beau Hockensmith,3
99,UserStory #100,Team A,Sherlyn Cordle,Craig Garlitz,8
100,UserStory #101,Team A,Sherlyn Cordle,Francisco Hoppe,9
101,UserStory #102,Team A,Sherlyn Cordle,Craig Garlitz,6
102,UserStory #103,Team A,Edgar Hibbler,Beau Hockensmith,7
103,UserStory #104,Team A,Sherlyn Cordle,Francisco Hoppe,5
104,UserStory #105,Team A,Edgar Hibbler,Craig Garlitz,4
105,UserStory #106,Team A,Sherlyn Cordle,Beau Hockensmith,7
106,UserStory #107,Team A,Edgar Hibbler,Anton Easterday,3
107,UserStory #108,Team A,Sherlyn Cordle,Craig Garlitz,8
108,UserStory #109,Team A,Edgar Hibbler,Heriberto Martini,3
109,UserStory #110,Team A,Sherlyn Cordle,Gregorio Darr,6
110,UserStory #111,Team A,Edgar Hibbler,Gregorio Darr,9
111,UserStory #112,Team A,Edgar Hibbler,Glenna Mcghie,10
112,UserStory #113,Team A,Edgar Hibbler,Francisco Hoppe,1
113,UserStory #114,Team A,Sherlyn Cordle,Heriberto Martini,9
114,UserStory #115,Team A,Sherlyn Cordle,Anton Easterday,9
115,UserStory #116,Team A,Sherlyn Cordle,Bruno Studley,1
116,UserStory #117,Team A,Sherlyn Cordle,Craig Garlitz,1
117,UserStory #118,Team A,Edgar Hibbler,Craig Garlitz,7
118,UserStory #119,Team A,Edgar Hibbler,Gregorio Darr,5
119,UserStory #120,Team A,Sherlyn Cordle,Beau Hockensmith,2
120,UserStory #121,Team A,Edgar Hibbler,Gregorio Darr,1
121,UserStory #122,Team A,Sherlyn Cordle,Francisco Hoppe,3
122,UserStory #123,Team A,Edgar Hibbler,Francisco Hoppe,9
123,UserStory #124,Team A,Sherlyn Cordle,Beau Hockensmith,4
124,UserStory #125,Team A,Edgar Hibbler,Glenna Mcghie,9
125,UserStory #126,Team A,Edgar Hibbler,Beau Hockensmith,5
126,UserStory #127,Team A,Sherlyn Cordle,Heriberto Martini,10
127,UserStory #128,Team A,Sherlyn Cordle,Glenna Mcghie,3
128,UserStory #129,Team A,Edgar Hibbler,Francisco Hoppe,3
129,UserStory #130,Team A,Sherlyn Cordle,Craig Garlitz,5
130,UserStory #131,Team A,Edgar Hibbler,Craig Garlitz,9
131,UserStory #132,Team A,Sherlyn Cordle,Beau Hockensmith,9
132,UserStory #133,Team A,Sherlyn Cordle,Anton Easterday,2
133,UserStory #134,Team A,Edgar Hibbler,Craig Garlitz,1
134,UserStory #135,Team A,Edgar Hibbler,Beau Hockensmith,5
135,UserStory #136,Team A,Sherlyn Cordle,Bruno Studley,1
136,UserStory #137,Team A,Sherlyn Cordle,Glenna Mcghie,2
137,UserStory #138,Team A,Sherlyn Cordle,Bruno Studley,9
138,UserStory #139,Team A,Edgar Hibbler,Gregorio Darr,1
139,UserStory #140,Team A,Edgar Hibbler,Heriberto Martini,4
140,UserStory #141,Team A,Edgar Hibbler,Francisco Hoppe,9
141,UserStory #142,Team A,Sherlyn Cordle,Glenna Mcghie,6
142,UserStory #143,Team A,Edgar Hibbler,Glenna Mcghie,9
143,UserStory #144,Team A,Sherlyn Cordle,Gregorio Darr,1
144,UserStory #145,Team A,Edgar Hibbler,Beau Hockensmith,2
145,UserStory #146,Team A,Edgar Hibbler,Glenna Mcghie,1
146,UserStory #147,Team A,Sherlyn Cordle,Bruno Studley,7
147,UserStory #148,Team A,Edgar Hibbler,Heriberto Martini,9
148,UserStory #149,Team A,Edgar Hibbler,Beau Hockensmith,4
149,UserStory #150,Team A,Edgar Hibbler,Bruno Studley,1
150,UserStory #151,Team A,Edgar Hibbler,Craig Garlitz,2
151,UserStory #152,Team A,Sherlyn Cordle,Gregorio Darr,2
152,UserStory #153,Team A,Sherlyn Cordle,Gregorio Darr,2
153,UserStory #154,Team A,Edgar Hibbler,Gregorio Darr,3
154,UserStory #155,Team A,Sherlyn Cordle,Glenna Mcghie,4
155,UserStory #156,Team A,Edgar Hibbler,Bruno Studley,6
156,UserStory #157,Team A,Sherlyn Cordle,Heriberto Martini,7
157,UserStory #158,Team A,Edgar Hibbler,Gregorio Darr,9
158,UserStory #159,Team A,Sherlyn Cordle,Heriberto Martini,9
159,UserStory #160,Team A,Sherlyn Cordle,Beau Hockensmith,2
160,UserStory #161,Team A,Sherlyn Cordle,Francisco Hoppe,9
161,UserStory #162,Team A,Edgar Hibbler,Francisco Hoppe,5
162,UserStory #163,Team A,Sherlyn Cordle,Heriberto Martini,5
163,UserStory #164,Team A,Edgar Hibbler,Francisco Hoppe,6
164,UserStory #165,Team A,Edgar Hibbler,Bruno Studley,7
165,UserStory #166,Team A,Edgar Hibbler,Francisco Hoppe,3
166,UserStory #167,Team A,Edgar Hibbler,Anton Easterday,8
167,UserStory #168,Team A,Sherlyn Cordle,Gregorio Darr,1
168,UserStory #169,Team A,Edgar Hibbler,Francisco Hoppe,4
169,UserStory #170,Team A,Edgar Hibbler,Bruno Studley,9
170,UserStory #171,Team A,Sherlyn Cordle,Francisco Hoppe,8
171,UserStory #172,Team A,Edgar Hibbler,Bruno Studley,2
172,UserStory #173,Team A,Edgar Hibbler,Bruno Studley,7
173,UserStory #174,Team A,Sherlyn Cordle,Glenna Mcghie,7
174,UserStory #175,Team A,Edgar Hibbler,Glenna Mcghie,8
175,UserStory #176,Team A,Edgar Hibbler,Glenna Mcghie,7
176,UserStory #177,Team A,Sherlyn Cordle,Anton Easterday,1
177,UserStory #178,Team A,Edgar Hibbler,Anton Easterday,2
178,UserStory #179,Team A,Sherlyn Cordle,Anton Easterday,9
179,UserStory #180,Team A,Edgar Hibbler,Francisco Hoppe,8
180,UserStory #181,Team A,Sherlyn Cordle,Francisco Hoppe,5
181,UserStory #182,Team A,Edgar Hibbler,Anton Easterday,10
182,UserStory #183,Team A,Edgar Hibbler,Glenna Mcghie,8
183,UserStory #184,Team A,Edgar Hibbler,Craig Garlitz,2
184,UserStory #185,Team A,Sherlyn Cordle,Anton Easterday,9
185,UserStory #186,Team B,Spencer Venezia,Hyun Jaffe,9
186,UserStory #187,Team B,Spencer Venezia,Jacinto Immel,3
187,UserStory #188,Team B,Spencer Venezia,Jesse Kellogg,5
188,UserStory #189,Team B,Spencer Venezia,Josh Rusher,6
189,UserStory #190,Team B,Spencer Venezia,Isaura Casterline,6
190,UserStory #191,Team B,Spencer Venezia,Josh Rusher,5
191,UserStory #192,Team B,Spencer Venezia,Isaura Casterline,6
192,UserStory #193,Team B,Spencer Venezia,Josh Rusher,4
193,UserStory #194,Team B,Spencer Venezia,Hyun Jaffe,10
194,UserStory #195,Team B,Spencer Venezia,Isaura Casterline,10
195,UserStory #196,Team B,Spencer Venezia,Josh Rusher,4
196,UserStory #197,Team B,Spencer Venezia,Hyun Jaffe,6
197,UserStory #198,Team B,Spencer Venezia,Isaura Casterline,7
198,UserStory #199,Team B,Spencer Venezia,Jacinto Immel,4
199,UserStory #200,Team B,Spencer Venezia,Jesse Kellogg,5
200,UserStory #201,Team B,Spencer Venezia,Lashaunda Greaves,4
201,UserStory #202,Team B,Spencer Venezia,Jacinto Immel,8
202,UserStory #203,Team B,Spencer Venezia,Isaura Casterline,4
203,UserStory #204,Team B,Spencer Venezia,Josh Rusher,8
204,UserStory #205,Team B,Spencer Venezia,Jacinto Immel,5
205,UserStory #206,Team B,Spencer Venezia,Lashaunda Greaves,2
206,UserStory #207,Team B,Spencer Venezia,Lashaunda Greaves,2
207,UserStory #208,Team B,Spencer Venezia,Jesse Kellogg,6
208,UserStory #209,Team B,Spencer Venezia,Josh Rusher,9
209,UserStory #210,Team B,Spencer Venezia,Jesse Kellogg,9
210,UserStory #211,Team B,Spencer Venezia,Jesse Kellogg,10
211,UserStory #212,Team B,Spencer Venezia,Jesse Kellogg,9
212,UserStory #213,Team B,Spencer Venezia,Jesse Kellogg,1
213,UserStory #214,Team B,Spencer Venezia,Jesse Kellogg,10
214,UserStory #215,Team B,Spencer Venezia,Lashaunda Greaves,1
215,UserStory #216,Team B,Spencer Venezia,Hyun Jaffe,10
216,UserStory #217,Team B,Spencer Venezia,Jacinto Immel,10
217,UserStory #218,Team B,Spencer Venezia,Jesse Kellogg,9
218,UserStory #219,Team B,Spencer Venezia,Jesse Kellogg,4
219,UserStory #220,Team B,Spencer Venezia,Jesse Kellogg,1
220,UserStory #221,Team B,Spencer Venezia,Hyun Jaffe,9
221,UserStory #222,Team B,Spencer Venezia,Josh Rusher,9
222,UserStory #223,Team B,Spencer Venezia,Lashaunda Greaves,4
223,UserStory #224,Team B,Spencer Venezia,Jacinto Immel,4
224,UserStory #225,Team B,Spencer Venezia,Josh Rusher,6
225,UserStory #226,Team B,Spencer Venezia,Lashaunda Greaves,10
226,UserStory #227,Team B,Spencer Venezia,Jesse Kellogg,6
227,UserStory #228,Team B,Spencer Venezia,Jesse Kellogg,10
228,UserStory #229,Team B,Spencer Venezia,Josh Rusher,1
229,UserStory #230,Team B,Spencer Venezia,Jacinto Immel,5
230,UserStory #231,Team B,Spencer Venezia,Lashaunda Greaves,8
231,UserStory #232,Team B,Spencer Venezia,Lashaunda Greaves,7
232,UserStory #233,Team B,Spencer Venezia,Lashaunda Greaves,9
233,UserStory #234,Team B,Spencer Venezia,Josh Rusher,6
234,UserStory #235,Team B,Spencer Venezia,Josh Rusher,4
235,UserStory #236,Team B,Spencer Venezia,Isaura Casterline,5
236,UserStory #237,Team B,Spencer Venezia,Isaura Casterline,3
237,UserStory #238,Team B,Spencer Venezia,Jesse Kellogg,2
238,UserStory #239,Team B,Spencer Venezia,Isaura Casterline,5
239,UserStory #240,Team B,Spencer Venezia,Jacinto Immel,1
240,UserStory #241,Team B,Spencer Venezia,Josh Rusher,6
241,UserStory #242,Team B,Spencer Venezia,Jacinto Immel,10
242,UserStory #243,Team B,Spencer Venezia,Jesse Kellogg,2
243,UserStory #244,Team B,Spencer Venezia,Hyun Jaffe,7
244,UserStory #245,Team B,Spencer Venezia,Hyun Jaffe,9
245,UserStory #246,Team B,Spencer Venezia,Isaura Casterline,5
246,UserStory #247,Team B,Spencer Venezia,Jesse Kellogg,1
247,UserStory #248,Team B,Spencer Venezia,Josh Rusher,10
248,UserStory #249,Team B,Spencer Venezia,Hyun Jaffe,7
249,UserStory #250,Team B,Spencer Venezia,Jacinto Immel,1
250,UserStory #251,Team B,Spencer Venezia,Jacinto Immel,7
251,UserStory #252,Team B,Spencer Venezia,Josh Rusher,8
252,UserStory #253,Team B,Spencer Venezia,Lashaunda Greaves,9
253,UserStory #254,Team B,Spencer Venezia,Hyun Jaffe,8
254,UserStory #255,Team B,Spencer Venezia,Isaura Casterline,7
255,UserStory #256,Team B,Spencer Venezia,Hyun Jaffe,10
256,UserStory #257,Team B,Spencer Venezia,Jesse Kellogg,1
257,UserStory #258,Team B,Spencer Venezia,Hyun Jaffe,3
258,UserStory #259,Team B,Spencer Venezia,Jacinto Immel,3
259,UserStory #260,Team B,Spencer Venezia,Jacinto Immel,4
260,UserStory #261,Team B,Spencer Venezia,Lashaunda Greaves,3
261,UserStory #262,Team B,Spencer Venezia,Jesse Kellogg,8
262,UserStory #263,Team B,Spencer Venezia,Isaura Casterline,8
263,UserStory #264,Team B,Spencer Venezia,Josh Rusher,10
264,UserStory #265,Team B,Spencer Venezia,Jacinto Immel,6
265,UserStory #266,Team B,Spencer Venezia,Isaura Casterline,4
266,UserStory #267,Team B,Spencer Venezia,Hyun Jaffe,8
267,UserStory #268,Team B,Spencer Venezia,Lashaunda Greaves,6
268,UserStory #269,Team B,Spencer Venezia,Isaura Casterline,5
269,UserStory #270,Team B,Spencer Venezia,Isaura Casterline,6
270,UserStory #271,Team B,Spencer Venezia,Lashaunda Greaves,5
271,UserStory #272,Team B,Spencer Venezia,Hyun Jaffe,10
272,UserStory #273,Team B,Spencer Venezia,Jacinto Immel,4
273,UserStory #274,Team B,Spencer Venezia,Hyun Jaffe,4
274,UserStory #275,Team B,Spencer Venezia,Isaura Casterline,1
275,UserStory #276,Team B,Spencer Venezia,Jesse Kellogg,2
276,UserStory #277,Team B,Spencer Venezia,Isaura Casterline,2
277,UserStory #278,Team B,Spencer Venezia,Jesse Kellogg,4
278,UserStory #279,Team B,Spencer Venezia,Josh Rusher,3
279,UserStory #280,Team B,Spencer Venezia,Lashaunda Greaves,2
280,UserStory #281,Team B,Spencer Venezia,Jesse Kellogg,2
281,UserStory #282,Team B,Spencer Venezia,Lashaunda Greaves,4
282,UserStory #283,Team B,Spencer Venezia,Jesse Kellogg,5
283,UserStory #284,Team B,Spencer Venezia,Lashaunda Greaves,2
284,UserStory #285,Team B,Spencer Venezia,Jacinto Immel,2
285,UserStory #286,Team B,Spencer Venezia,Hyun Jaffe,1
286,UserStory #287,Team B,Spencer Venezia,Jesse Kellogg,2
287,UserStory #288,Team B,Spencer Venezia,Lashaunda Greaves,4
288,UserStory #289,Team B,Spencer Venezia,Isaura Casterline,5
289,UserStory #290,Team B,Spencer Venezia,Lashaunda Greaves,8
290,UserStory #291,Team B,Spencer Venezia,Jesse Kellogg,1
291,UserStory #292,Team B,Spencer Venezia,Lashaunda Greaves,9
292,UserStory #293,Team B,Spencer Venezia,Lashaunda Greaves,8
293,UserStory #294,Team B,Spencer Venezia,Jesse Kellogg,7
294,UserStory #295,Team B,Spencer Venezia,Jacinto Immel,8
295,UserStory #296,Team B,Spencer Venezia,Isaura Casterline,9
296,UserStory #297,Team B,Spencer Venezia,Hyun Jaffe,8
297,UserStory #298,Team B,Spencer Venezia,Jacinto Immel,8
298,UserStory #299,Team B,Spencer Venezia,Jacinto Immel,9
299,UserStory #300,Team B,Spencer Venezia,Hyun Jaffe,4
300,UserStory #301,Team B,Spencer Venezia,Isaura Casterline,7
301,UserStory #302,Team B,Spencer Venezia,Lashaunda Greaves,9
302,UserStory #303,Team B,Spencer Venezia,Josh Rusher,5
303,UserStory #304,Team B,Spencer Venezia,Josh Rusher,3
304,UserStory #305,Team B,Spencer Venezia,Josh Rusher,4
305,UserStory #306,Team B,Spencer Venezia,Lashaunda Greaves,8
306,UserStory #307,Team B,Spencer Venezia,Josh Rusher,10
307,UserStory #308,Team B,Spencer Venezia,Isaura Casterline,9
308,UserStory #309,Team B,Spencer Venezia,Jacinto Immel,2
309,UserStory #310,Team B,Spencer Venezia,Jacinto Immel,8
310,UserStory #311,Team C,Jamie Addington,Milan Hinman,6
311,UserStory #312,Team C,Jamie Addington,Milan Hinman,1
312,UserStory #313,Team C,Jamie Addington,Mervin Lindsay,3
313,UserStory #314,Team C,Jamie Addington,Mckenzie Ma,3
314,UserStory #315,Team C,Jamie Addington,Lorriane Demmer,1
315,UserStory #316,Team C,Jamie Addington,Mervin Lindsay,2
316,UserStory #317,Team C,Jamie Addington,Marquis Tefft,10
317,UserStory #318,Team C,Jamie Addington,Lonnie Belz,10
318,UserStory #319,Team C,Jamie Addington,Mckenzie Ma,6
319,UserStory #320,Team C,Jamie Addington,Mckenzie Ma,5
320,UserStory #321,Team C,Jamie Addington,Milan Hinman,8
321,UserStory #322,Team C,Jamie Addington,Milan Hinman,8
322,UserStory #323,Team C,Jamie Addington,Mckenzie Ma,10
323,UserStory #324,Team C,Jamie Addington,Margorie Beringer,7
324,UserStory #325,Team C,Jamie Addington,Lorriane Demmer,8
325,UserStory #326,Team C,Jamie Addington,Milan Hinman,2
326,UserStory #327,Team C,Jamie Addington,Mervin Lindsay,8
327,UserStory #328,Team C,Jamie Addington,Mckenzie Ma,10
328,UserStory #329,Team C,Jamie Addington,Margorie Beringer,9
329,UserStory #330,Team C,Jamie Addington,Lorriane Demmer,4
330,UserStory #331,Team C,Jamie Addington,Milan Hinman,9
331,UserStory #332,Team C,Jamie Addington,Marquis Tefft,4
332,UserStory #333,Team C,Jamie Addington,Mckenzie Ma,10
333,UserStory #334,Team C,Jamie Addington,Margorie Beringer,2
334,UserStory #335,Team C,Jamie Addington,Lonnie Belz,2
335,UserStory #336,Team C,Jamie Addington,Milan Hinman,4
336,UserStory #337,Team C,Jamie Addington,Mervin Lindsay,8
337,UserStory #338,Team C,Jamie Addington,Lonnie Belz,4
338,UserStory #339,Team C,Jamie Addington,Lorriane Demmer,7
339,UserStory #340,Team C,Jamie Addington,Margorie Beringer,4
340,UserStory #341,Team C,Jamie Addington,Mervin Lindsay,7
341,UserStory #342,Team C,Jamie Addington,Mervin Lindsay,1
342,UserStory #343,Team C,Jamie Addington,Mckenzie Ma,6
343,UserStory #344,Team C,Jamie Addington,Margorie Beringer,6
344,UserStory #345,Team C,Jamie Addington,Marquis Tefft,4
345,UserStory #346,Team C,Jamie Addington,Milan Hinman,8
346,UserStory #347,Team C,Jamie Addington,Milan Hinman,9
347,UserStory #348,Team C,Jamie Addington,Margorie Beringer,1
348,UserStory #349,Team C,Jamie Addington,Mckenzie Ma,3
349,UserStory #350,Team C,Jamie Addington,Marquis Tefft,10
350,UserStory #351,Team C,Jamie Addington,Mervin Lindsay,6
351,UserStory #352,Team C,Jamie Addington,Mckenzie Ma,10
352,UserStory #353,Team C,Jamie Addington,Mervin Lindsay,8
353,UserStory #354,Team C,Jamie Addington,Mckenzie Ma,10
354,UserStory #355,Team C,Jamie Addington,Lorriane Demmer,6
355,UserStory #356,Team C,Jamie Addington,Milan Hinman,9
356,UserStory #357,Team C,Jamie Addington,Milan Hinman,9
357,UserStory #358,Team C,Jamie Addington,Margorie Beringer,2
358,UserStory #359,Team C,Jamie Addington,Lonnie Belz,7
359,UserStory #360,Team C,Jamie Addington,Milan Hinman,8
360,UserStory #361,Team C,Jamie Addington,Lorriane Demmer,5
361,UserStory #362,Team C,Jamie Addington,Margorie Beringer,10
362,UserStory #363,Team C,Jamie Addington,Mervin Lindsay,5
363,UserStory #364,Team C,Jamie Addington,Lonnie Belz,9
364,UserStory #365,Team C,Jamie Addington,Mervin Lindsay,5
365,UserStory #366,Team C,Jamie Addington,Lonnie Belz,2
366,UserStory #367,Team C,Jamie Addington,Lorriane Demmer,10
367,UserStory #368,Team C,Jamie Addington,Marquis Tefft,4
368,UserStory #369,Team C,Jamie Addington,Lonnie Belz,6
369,UserStory #370,Team C,Jamie Addington,Mckenzie Ma,6
370,UserStory #371,Team C,Jamie Addington,Lonnie Belz,3
371,UserStory #372,Team C,Jamie Addington,Margorie Beringer,9
372,UserStory #373,Team C,Jamie Addington,Lorriane Demmer,3
373,UserStory #374,Team C,Jamie Addington,Milan Hinman,9
374,UserStory #375,Team C,Jamie Addington,Marquis Tefft,9
375,UserStory #376,Team C,Jamie Addington,Margorie Beringer,5
376,UserStory #377,Team C,Jamie Addington,Lonnie Belz,3
377,UserStory #378,Team C,Jamie Addington,Lorriane Demmer,1
378,UserStory #379,Team C,Jamie Addington,Mervin Lindsay,10
379,UserStory #380,Team C,Jamie Addington,Lorriane Demmer,10
380,UserStory #381,Team C,Jamie Addington,Lorriane Demmer,3
381,UserStory #382,Team C,Jamie Addington,Margorie Beringer,4
382,UserStory #383,Team C,Jamie Addington,Lorriane Demmer,8
383,UserStory #384,Team C,Jamie Addington,Lonnie Belz,7
384,UserStory #385,Team C,Jamie Addington,Lonnie Belz,9
385,UserStory #386,Team C,Jamie Addington,Margorie Beringer,2
386,UserStory #387,Team C,Jamie Addington,Lorriane Demmer,3
387,UserStory #388,Team C,Jamie Addington,Marquis Tefft,6
388,UserStory #389,Team C,Jamie Addington,Lonnie Belz,7
389,UserStory #390,Team C,Jamie Addington,Lorriane Demmer,7
390,UserStory #391,Team C,Jamie Addington,Marquis Tefft,6
391,UserStory #392,Team C,Jamie Addington,Mervin Lindsay,3
392,UserStory #393,Team C,Jamie Addington,Mckenzie Ma,5
393,UserStory #394,Team C,Jamie Addington,Mervin Lindsay,6
394,UserStory #395,Team C,Jamie Addington,Milan Hinman,1
395,UserStory #396,Team C,Jamie Addington,Marquis Tefft,8
396,UserStory #397,Team C,Jamie Addington,Lonnie Belz,4
397,UserStory #398,Team C,Jamie Addington,Lonnie Belz,6
398,UserStory #399,Team C,Jamie Addington,Margorie Beringer,2
399,UserStory #400,Team C,Jamie Addington,Mckenzie Ma,7
400,UserStory #401,Team C,Jamie Addington,Mckenzie Ma,7
401,UserStory #402,Team C,Jamie Addington,Marquis Tefft,7
402,UserStory #403,Team C,Jamie Addington,Margorie Beringer,1
403,UserStory #404,Team C,Jamie Addington,Margorie Beringer,10
404,UserStory #405,Team C,Jamie Addington,Lonnie Belz,7
405,UserStory #406,Team C,Jamie Addington,Marquis Tefft,4
406,UserStory #407,Team C,Jamie Addington,Marquis Tefft,3
407,UserStory #408,Team C,Jamie Addington,Mckenzie Ma,6
408,UserStory #409,Team C,Jamie Addington,Lorriane Demmer,9
409,UserStory #410,Team C,Jamie Addington,Marquis Tefft,5
410,UserStory #411,Team C,Jamie Addington,Marquis Tefft,8
411,UserStory #412,Team C,Jamie Addington,Lonnie Belz,10
412,UserStory #413,Team C,Jamie Addington,Lorriane Demmer,4
413,UserStory #414,Team C,Jamie Addington,Lorriane Demmer,7
414,UserStory #415,Team C,Jamie Addington,Lonnie Belz,7
415,UserStory #416,Team C,Jamie Addington,Milan Hinman,9
416,UserStory #417,Team C,Jamie Addington,Mervin Lindsay,4
417,UserStory #418,Team C,Jamie Addington,Marquis Tefft,5
418,UserStory #419,Team C,Jamie Addington,Mervin Lindsay,5
419,UserStory #420,Team C,Jamie Addington,Mervin Lindsay,1
420,UserStory #421,Team C,Jamie Addington,Lorriane Demmer,6
421,UserStory #422,Team C,Jamie Addington,Lorriane Demmer,2
422,UserStory #423,Team C,Jamie Addington,Lonnie Belz,6
423,UserStory #424,Team C,Jamie Addington,Margorie Beringer,5
424,UserStory #425,Team C,Jamie Addington,Lonnie Belz,9
425,UserStory #426,Team C,Jamie Addington,Lorriane Demmer,5
426,UserStory #427,Team C,Jamie Addington,Marquis Tefft,10
427,UserStory #428,Team C,Jamie Addington,Mckenzie Ma,7
428,UserStory #429,Team C,Jamie Addington,Marquis Tefft,3
429,UserStory #430,Team C,Jamie Addington,Marquis Tefft,5
430,UserStory #431,Team C,Jamie Addington,Marquis Tefft,9
431,UserStory #432,Team C,Jamie Addington,Milan Hinman,2
432,UserStory #433,Team C,Jamie Addington,Mervin Lindsay,3
433,UserStory #434,Team C,Jamie Addington,Marquis Tefft,1
434,UserStory #435,Team C,Jamie Addington,Lonnie Belz,4
435,UserStory #436,Team C,Jamie Addington,Mckenzie Ma,5
436,UserStory #437,Team C,Jamie Addington,Milan Hinman,5
437,UserStory #438,Team C,Jamie Addington,Margorie Beringer,7
438,UserStory #439,Team C,Jamie Addington,Lorriane Demmer,6
439,UserStory #440,Team C,Jamie Addington,Lorriane Demmer,7
440,UserStory #441,Team C,Jamie Addington,Mervin Lindsay,5
441,UserStory #442,Team C,Jamie Addington,Mervin Lindsay,10
442,UserStory #443,Team C,Jamie Addington,Mervin Lindsay,4
443,UserStory #444,Team C,Jamie Addington,Milan Hinman,4
444,UserStory #445,Team C,Jamie Addington,Margorie Beringer,10
445,UserStory #446,Team C,Jamie Addington,Milan Hinman,9
446,UserStory #447,Team C,Jamie Addington,Mervin Lindsay,5
447,UserStory #448,Team C,Jamie Addington,Mervin Lindsay,8
448,UserStory #449,Team C,Jamie Addington,Mckenzie Ma,8
449,UserStory #450,Team C,Jamie Addington,Mervin Lindsay,4
450,UserStory #451,Team C,Jamie Addington,Mervin Lindsay,4
451,UserStory #452,Team C,Jamie Addington,Margorie Beringer,10
452,UserStory #453,Team C,Jamie Addington,Margorie Beringer,2
453,UserStory #454,Team C,Jamie Addington,Margorie Beringer,9
454,UserStory #455,Team D,Georgine Roan,Randy Pettitt,1
455,UserStory #456,Team D,Georgine Roan,Tyrone Goo,2
456,UserStory #457,Team D,Georgine Roan,Tyrone Goo,8
457,UserStory #458,Team D,Georgine Roan,Pedro Sisk,5
458,UserStory #459,Team D,Georgine Roan,Randy Pettitt,1
459,UserStory #460,Team D,Georgine Roan,Renee Audette,4
460,UserStory #461,Team D,Georgine Roan,Pedro Sisk,5
461,UserStory #462,Team D,Georgine Roan,Pedro Sisk,10
462,UserStory #463,Team D,Georgine Roan,Olevia Haymaker,4
463,UserStory #464,Team D,Georgine Roan,Percy Aumiller,8
464,UserStory #465,Team D,Georgine Roan,Mohammad Tineo,5
465,UserStory #466,Team D,Georgine Roan,Percy Aumiller,3
466,UserStory #467,Team D,Georgine Roan,Percy Aumiller,1
467,UserStory #468,Team D,Georgine Roan,Tyrone Goo,7
468,UserStory #469,Team D,Georgine Roan,Teddy Straley,10
469,UserStory #470,Team D,Georgine Roan,Tyrone Goo,6
470,UserStory #471,Team D,Georgine Roan,Renee Audette,6
471,UserStory #472,Team D,Georgine Roan,Mohammad Tineo,6
472,UserStory #473,Team D,Georgine Roan,Percy Aumiller,10
473,UserStory #474,Team D,Georgine Roan,Mohammad Tineo,7
474,UserStory #475,Team D,Georgine Roan,Olevia Haymaker,1
475,UserStory #476,Team D,Georgine Roan,Randy Pettitt,8
476,UserStory #477,Team D,Georgine Roan,Renee Audette,6
477,UserStory #478,Team D,Georgine Roan,Tyrone Goo,9
478,UserStory #479,Team D,Georgine Roan,Olevia Haymaker,8
479,UserStory #480,Team D,Georgine Roan,Tyrone Goo,10
480,UserStory #481,Team D,Georgine Roan,Renee Audette,5
481,UserStory #482,Team D,Georgine Roan,Pedro Sisk,8
482,UserStory #483,Team D,Georgine Roan,Randy Pettitt,4
483,UserStory #484,Team D,Georgine Roan,Percy Aumiller,9
484,UserStory #485,Team D,Georgine Roan,Olevia Haymaker,3
485,UserStory #486,Team D,Georgine Roan,Nohemi Santini,7
486,UserStory #487,Team D,Georgine Roan,Percy Aumiller,1
487,UserStory #488,Team D,Georgine Roan,Randy Pettitt,9
488,UserStory #489,Team D,Georgine Roan,Tyrone Goo,2
489,UserStory #490,Team D,Georgine Roan,Olevia Haymaker,6
490,UserStory #491,Team D,Georgine Roan,Renee Audette,7
491,UserStory #492,Team D,Georgine Roan,Nohemi Santini,2
492,UserStory #493,Team D,Georgine Roan,Tyrone Goo,3
493,UserStory #494,Team D,Georgine Roan,Percy Aumiller,2
494,UserStory #495,Team D,Georgine Roan,Teddy Straley,1
495,UserStory #496,Team D,Georgine Roan,Renee Audette,1
496,UserStory #497,Team D,Georgine Roan,Randy Pettitt,5
497,UserStory #498,Team D,Georgine Roan,Teddy Straley,7
498,UserStory #499,Team D,Georgine Roan,Percy Aumiller,10
499,UserStory #500,Team D,Georgine Roan,Percy Aumiller,9
500,UserStory #501,Team D,Georgine Roan,Renee Audette,1
501,UserStory #502,Team D,Georgine Roan,Pedro Sisk,1
502,UserStory #503,Team D,Georgine Roan,Pedro Sisk,10
503,UserStory #504,Team D,Georgine Roan,Nohemi Santini,3
504,UserStory #505,Team D,Georgine Roan,Mohammad Tineo,4
505,UserStory #506,Team D,Georgine Roan,Mohammad Tineo,8
506,UserStory #507,Team D,Georgine Roan,Mohammad Tineo,6
507,UserStory #508,Team D,Georgine Roan,Mohammad Tineo,7
508,UserStory #509,Team D,Georgine Roan,Renee Audette,7
509,UserStory #510,Team D,Georgine Roan,Percy Aumiller,6
510,UserStory #511,Team D,Georgine Roan,Tyrone Goo,4
511,UserStory #512,Team D,Georgine Roan,Percy Aumiller,1
512,UserStory #513,Team D,Georgine Roan,Randy Pettitt,10
513,UserStory #514,Team D,Georgine Roan,Percy Aumiller,2
514,UserStory #515,Team D,Georgine Roan,Renee Audette,6
515,UserStory #516,Team D,Georgine Roan,Mohammad Tineo,9
516,UserStory #517,Team D,Georgine Roan,Tyrone Goo,9
517,UserStory #518,Team D,Georgine Roan,Nohemi Santini,6
518,UserStory #519,Team D,Georgine Roan,Teddy Straley,7
519,UserStory #520,Team D,Georgine Roan,Olevia Haymaker,6
520,UserStory #521,Team D,Georgine Roan,Olevia Haymaker,5
521,UserStory #522,Team D,Georgine Roan,Mohammad Tineo,7
522,UserStory #523,Team D,Georgine Roan,Percy Aumiller,10
523,UserStory #524,Team D,Georgine Roan,Randy Pettitt,10
524,UserStory #525,Team D,Georgine Roan,Nohemi Santini,8
525,UserStory #526,Team D,Georgine Roan,Mohammad Tineo,2
526,UserStory #527,Team D,Georgine Roan,Renee Audette,4
527,UserStory #528,Team D,Georgine Roan,Nohemi Santini,8
528,UserStory #529,Team D,Georgine Roan,Randy Pettitt,2
529,UserStory #530,Team D,Georgine Roan,Percy Aumiller,10
530,UserStory #531,Team D,Georgine Roan,Teddy Straley,5
531,UserStory #532,Team D,Georgine Roan,Nohemi Santini,3
532,UserStory #533,Team D,Georgine Roan,Renee Audette,4
533,UserStory #534,Team D,Georgine Roan,Teddy Straley,3
534,UserStory #535,Team D,Georgine Roan,Nohemi Santini,2
535,UserStory #536,Team D,Georgine Roan,Nohemi Santini,5
536,UserStory #537,Team D,Georgine Roan,Pedro Sisk,4
537,UserStory #538,Team D,Georgine Roan,Nohemi Santini,10
538,UserStory #539,Team D,Georgine Roan,Percy Aumiller,8
539,UserStory #540,Team D,Georgine Roan,Olevia Haymaker,2
540,UserStory #541,Team D,Georgine Roan,Nohemi Santini,5
541,UserStory #542,Team D,Georgine Roan,Randy Pettitt,2
542,UserStory #543,Team D,Georgine Roan,Renee Audette,3
543,UserStory #544,Team D,Georgine Roan,Randy Pettitt,2
544,UserStory #545,Team D,Georgine Roan,Teddy Straley,3
545,UserStory #546,Team D,Georgine Roan,Randy Pettitt,2
546,UserStory #547,Team D,Georgine Roan,Olevia Haymaker,7
547,UserStory #548,Team D,Georgine Roan,Teddy Straley,4
548,UserStory #549,Team D,Georgine Roan,Teddy Straley,7
549,UserStory #550,Team D,Georgine Roan,Mohammad Tineo,5
550,UserStory #551,Team D,Georgine Roan,Pedro Sisk,2
551,UserStory #552,Team D,Georgine Roan,Renee Audette,6
552,UserStory #553,Team D,Georgine Roan,Nohemi Santini,3
553,UserStory #554,Team D,Georgine Roan,Olevia Haymaker,5
554,UserStory #555,Team D,Georgine Roan,Tyrone Goo,1
555,UserStory #556,Team D,Georgine Roan,Teddy Straley,6
556,UserStory #557,Team D,Georgine Roan,Olevia Haymaker,10
557,UserStory #558,Team D,Georgine Roan,Mohammad Tineo,1
558,UserStory #559,Team D,Georgine Roan,Renee Audette,8
559,UserStory #560,Team D,Georgine Roan,Mohammad Tineo,9
560,UserStory #561,Team D,Georgine Roan,Olevia Haymaker,3
561,UserStory #562,Team D,Georgine Roan,Pedro Sisk,5
562,UserStory #563,Team D,Georgine Roan,Teddy Straley,3
563,UserStory #564,Team D,Georgine Roan,Teddy Straley,6
564,UserStory #565,Team D,Georgine Roan,Tyrone Goo,1
565,UserStory #566,Team D,Georgine Roan,Teddy Straley,4
566,UserStory #567,Team D,Georgine Roan,Teddy Straley,9
567,UserStory #568,Team D,Georgine Roan,Olevia Haymaker,4
568,UserStory #569,Team D,Georgine Roan,Renee Audette,5
569,UserStory #570,Team D,Georgine Roan,Mohammad Tineo,6
570,UserStory #571,Team D,Georgine Roan,Randy Pettitt,5
571,UserStory #572,Team D,Georgine Roan,Tyrone Goo,5
572,UserStory #573,Team D,Georgine Roan,Renee Audette,8
573,UserStory #574,Team D,Georgine Roan,Nohemi Santini,1
574,UserStory #575,Team D,Georgine Roan,Percy Aumiller,6
575,UserStory #576,Team D,Georgine Roan,Teddy Straley,6
576,UserStory #577,Team D,Georgine Roan,Nohemi Santini,8
577,UserStory #578,Team D,Georgine Roan,Percy Aumiller,4
578,UserStory #579,Team D,Georgine Roan,Tyrone Goo,9
579,UserStory #580,Team D,Georgine Roan,Tyrone Goo,8
580,UserStory #581,Team D,Georgine Roan,Randy Pettitt,9
581,UserStory #582,Team D,Georgine Roan,Mohammad Tineo,8
582,UserStory #583,Team D,Georgine Roan,Teddy Straley,9
583,UserStory #584,Team D,Georgine Roan,Olevia Haymaker,6
584,UserStory #585,Team D,Georgine Roan,Olevia Haymaker,7
585,UserStory #586,Team D,Georgine Roan,Teddy Straley,9
586,UserStory #587,Team D,Georgine Roan,Mohammad Tineo,9
587,UserStory #588,Team D,Georgine Roan,Olevia Haymaker,5
588,UserStory #589,Team D,Georgine Roan,Teddy Straley,7
589,UserStory #590,Team D,Georgine Roan,Nohemi Santini,6
590,UserStory #591,Team D,Georgine Roan,Teddy Straley,1
591,UserStory #592,Team D,Georgine Roan,Percy Aumiller,10
592,UserStory #593,Team D,Georgine Roan,Randy Pettitt,5
593,UserStory #594,Team D,Georgine Roan,Mohammad Tineo,4
594,UserStory #595,Team D,Georgine Roan,Renee Audette,10
595,UserStory #596,Team D,Georgine Roan,Olevia Haymaker,3
596,UserStory #597,Team D,Georgine Roan,Nohemi Santini,5
597,UserStory #598,Team D,Georgine Roan,Renee Audette,9
598,UserStory #599,Team D,Georgine Roan,Pedro Sisk,8
599,UserStory #600,Team D,Georgine Roan,Nohemi Santini,6
600,UserStory #601,Team D,Georgine Roan,Percy Aumiller,5
601,UserStory #602,Team D,Georgine Roan,Randy Pettitt,8
602,UserStory #603,Team D,Georgine Roan,Mohammad Tineo,3
603,UserStory #604,Team D,Georgine Roan,Randy Pettitt,10
604,UserStory #605,Team D,Georgine Roan,Tyrone Goo,5
605,UserStory #606,Team D,Georgine Roan,Randy Pettitt,1
606,UserStory #607,Team D,Georgine Roan,Teddy Straley,4
607,UserStory #608,Team D,Georgine Roan,Pedro Sisk,3
608,UserStory #609,Team D,Georgine Roan,Mohammad Tineo,2
609,UserStory #610,Team D,Georgine Roan,Randy Pettitt,1
610,UserStory #611,Team D,Georgine Roan,Randy Pettitt,9
611,UserStory #612,Team D,Georgine Roan,Randy Pettitt,3
612,UserStory #613,Team D,Georgine Roan,Tyrone Goo,7
613,UserStory #614,Team D,Georgine Roan,Mohammad Tineo,1
614,UserStory #615,Team D,Georgine Roan,Nohemi Santini,4
615,UserStory #616,Team D,Georgine Roan,Tyrone Goo,9
616,UserStory #617,Team D,Georgine Roan,Tyrone Goo,3
617,UserStory #618,Team D,Georgine Roan,Mohammad Tineo,3
618,UserStory #619,Team D,Georgine Roan,Teddy Straley,6
619,UserStory #620,Team D,Georgine Roan,Pedro Sisk,6
620,UserStory #621,Team D,Georgine Roan,Percy Aumiller,6
621,UserStory #622,Team D,Georgine Roan,Percy Aumiller,3
622,UserStory #623,Team D,Georgine Roan,Tyrone Goo,10
623,UserStory #624,Team D,Georgine Roan,Nohemi Santini,2
624,UserStory #625,Team D,Georgine Roan,Olevia Haymaker,10
625,UserStory #626,Team D,Georgine Roan,Mohammad Tineo,9
626,UserStory #627,Team D,Georgine Roan,Mohammad Tineo,3
627,UserStory #628,Team D,Georgine Roan,Nohemi Santini,3
628,UserStory #629,Team D,Georgine Roan,Renee Audette,6
629,UserStory #630,Team D,Georgine Roan,Olevia Haymaker,2
630,UserStory #631,Team D,Georgine Roan,Teddy Straley,6
631,UserStory #632,Team D,Georgine Roan,Renee Audette,3
632,UserStory #633,Team D,Georgine Roan,Renee Audette,7
633,UserStory #634,Team D,Georgine Roan,Pedro Sisk,2
634,UserStory #635,Team D,Georgine Roan,Olevia Haymaker,1
635,UserStory #636,Team D,Georgine Roan,Pedro Sisk,5
636,UserStory #637,Team D,Georgine Roan,Tyrone Goo,6
637,UserStory #638,Team D,Georgine Roan,Randy Pettitt,2
638,UserStory #639,Team D,Georgine Roan,Renee Audette,9
639,UserStory #640,Team D,Georgine Roan,Olevia Haymaker,1
640,UserStory #641,Team D,Georgine Roan,Nohemi Santini,3
641,UserStory #642,Team D,Georgine Roan,Nohemi Santini,5
642,UserStory #643,Team D,Georgine Roan,Olevia Haymaker,3
643,UserStory #644,Team D,Georgine Roan,Nohemi Santini,6
644,UserStory #645,Team D,Georgine Roan,Nohemi Santini,9
645,UserStory #646,Team D,Georgine Roan,Olevia Haymaker,3
646,UserStory #647,Team D,Georgine Roan,Percy Aumiller,1
647,UserStory #648,Team D,Georgine Roan,Olevia Haymaker,10
648,UserStory #649,Team D,Georgine Roan,Pedro Sisk,9
649,UserStory #650,Team D,Georgine Roan,Olevia Haymaker,7
650,UserStory #651,Team D,Georgine Roan,Nohemi Santini,5
651,UserStory #652,Team D,Georgine Roan,Randy Pettitt,7
652,UserStory #653,Team D,Georgine Roan,Randy Pettitt,9
653,UserStory #654,Team D,Georgine Roan,Mohammad Tineo,1
654,UserStory #655,Team D,Georgine Roan,Pedro Sisk,10
655,UserStory #656,Team D,Georgine Roan,Pedro Sisk,4
656,UserStory #657,Team D,Georgine Roan,Pedro Sisk,8
657,UserStory #658,Team D,Georgine Roan,Pedro Sisk,4
658,UserStory #659,Team D,Georgine Roan,Pedro Sisk,3
