,Developer,Rejects (days),Rejects (#),Debugging (days),Debugging (#),Implementation (days),Implementation (#),Bandwidth,NEXT SPRINT (days),NEXT SPRINT (#),NEXT SPRINT Bandwidth
0,Anton Easterday,0.0,0,0.0,0,2.0,4,-2.0,0.0,0,-2.0
1,Beau Hockensmith,0.0,0,0.0,0,1.9999999999999996,1,-1.9999999999999996,0.0,0,-1.9999999999999996
2,Bruno Studley,0.0,0,0.0,0,2.0,3,-2.0,0.0,0,-2.0
3,Craig Garlitz,0.0,0,0.0,0,2.0000000000000004,2,-2.0000000000000004,0.0,0,-2.0000000000000004
4,Francisco Hoppe,0.0,0,0.0,0,2.0000000000000004,2,-2.0000000000000004,0.0,0,-2.0000000000000004
5,Glenna Mcghie,0.0,0,0.0,0,2.0,2,-2.0,0.0,0,-2.0
6,Gregorio Darr,0.0,0,0.0,0,2.0,3,-2.0,0.0,0,-2.0
7,Heriberto Martini,0.0,0,0.0,0,2.0,2,-2.0,0.0,0,-2.0
8,OWNER_TBD,0.0,0,0.0,0,898.0,166,,0.0,0,0.0
