,Team Id,Developers,Product Managers,Areas of Responsibility
0,Team A,"['Anton Easterday', 'Beau Hockensmith', 'Bruno Studley', 'Craig Garlitz', 'Francisco Hoppe', 'Glenna Mcghie', 'Gregorio Darr', 'Heriberto Martini']","['Sherlyn Cordle', 'Edgar Hibbler']","['Doctor', 'Patient']"
1,Team B,"['Hyun Jaffe', 'Isaura Casterline', 'Jacinto Immel', 'Jesse Kellogg', 'Josh Rusher', 'Lashaunda Greaves']",['Spencer Venezia'],['Ministry of Health']
2,Team C,"['Lonnie Belz', 'Lorriane Demmer', 'Margorie Beringer', 'Marquis Tefft', 'Mckenzie Ma', 'Mervin Lindsay', 'Milan Hinman']",['Jamie Addington'],['Hospital Administration']
3,Team D,"['Mohammad Tineo', 'Nohemi Santini', 'Olevia Haymaker', 'Pedro Sisk', 'Percy Aumiller', 'Randy Pettitt', 'Renee Audette', 'Teddy Straley', 'Tyrone Goo']",['Georgine Roan'],['Insurance']
