,Developer,Rejects (days),Rejects (#),Debugging (days),Debugging (#),Implementation (days),Implementation (#),Bandwidth,NEXT SPRINT (days),NEXT SPRINT (#),NEXT SPRINT Bandwidth
0,Anton Easterday,0.0,0,0.0,0,3.0,2,7.0,9.0,1,8.0
1,Beau Hockensmith,0.0,0,0.0,0,3.0000000000000004,1,7.0,9.0,1,8.0
2,Bruno Studley,0.0,0,0.0,0,2.000000000000001,2,8.0,0.0,0,18.0
3,Craig Garlitz,0.0,0,0.0,0,3.0000000000000004,1,7.0,10.0,1,7.0
4,Francisco Hoppe,0.0,0,0.0,0,9.0,1,1.0,0.0,0,11.0
5,Glenna Mcghie,0.0,0,0.0,0,2.000000000000001,2,8.0,10.0,1,8.0
6,Gregorio Darr,0.0,0,0.0,0,2.000000000000001,2,8.0,9.0,1,9.0
7,Heriberto Martini,0.0,0,0.0,0,2.0,1,8.0,9.0,1,9.0
8,OWNER_TBD,0.0,0,0.0,0,0.0,0,,0.0,0,0.0
