,Developer,Rejects (days),Rejects (#),Debugging (days),Debugging (#),Implementation (days),Implementation (#),Bandwidth,NEXT SPRINT (days),NEXT SPRINT (#),NEXT SPRINT Bandwidth
0,Anton Easterday,0.0,0,0.0,0,0.0,2,0.0,4.0,1,-4.0
1,Beau Hockensmith,0.0,0,0.0,0,0.0,1,0.0,4.0,1,-4.0
2,Bruno Studley,0.0,0,0.0,0,0.0,2,0.0,0.0,0,0.0
3,Craig Garlitz,0.0,0,0.0,0,0.0,1,0.0,5.0,1,-5.0
4,Francisco Hoppe,0.0,0,0.0,0,1.0000000000000004,1,-1.0000000000000004,0.0,0,-1.0000000000000004
5,Glenna Mcghie,0.0,0,0.0,0,0.0,2,0.0,4.0,1,-4.0
6,Gregorio Darr,0.0,0,0.0,0,0.0,2,0.0,3.0000000000000004,1,-3.0000000000000004
7,Heriberto Martini,0.0,0,0.0,0,0.0,1,0.0,3.0000000000000004,1,-3.0000000000000004
8,OWNER_TBD,0.0,0,0.0,0,0.0,0,,0.0,0,0.0
