,Breakout,0,1,2,3,4,5,6,7,8,9,10,Team Id,Sprint
0,Prior Progressed,0.0,0.0,0.0,0.0,0.0,0.0,0.0,0.0,0.0,0.0,0.0,Team A,1
1,Prior to Finish,0.0,0.0,0.0,0.0,0.0,0.0,0.0,0.0,0.0,0.0,0.0,Team A,1
2,New Work,0.0,2.0,6.0,2.0,2.0,2.0,1.0,0.0,1.0,2.0,1.0,Team A,1
3,Regressed,0.0,0.0,0.0,0.0,0.0,0.0,0.0,0.0,0.0,0.0,0.0,Team A,1
4,Prior Progressed,0.0,0.0,0.0,0.0,0.0,0.0,0.0,0.0,0.0,0.0,0.0,Team A,2
5,Prior to Finish,0.0,0.0,0.0,0.0,0.0,0.0,0.0,0.0,0.0,0.0,0.0,Team A,2
6,New Work,0.0,7.0,5.0,2.0,1.0,1.0,0.0,2.0,3.0,0.0,1.0,Team A,2
7,Regressed,0.0,0.0,0.0,0.0,0.0,0.0,0.0,0.0,0.0,0.0,0.0,Team A,2
8,Prior Progressed,0.0,0.0,0.0,0.0,0.0,0.0,0.0,0.0,0.0,0.0,0.0,Team A,3
9,Prior to Finish,0.0,0.0,0.0,0.0,0.0,0.0,0.0,0.0,0.0,0.0,0.0,Team A,3
10,New Work,0.0,4.0,5.0,3.0,2.0,0.0,2.0,1.0,0.0,3.0,0.0,Team A,3
11,Regressed,0.0,0.0,2.0,0.0,0.0,1.0,0.0,0.0,0.0,0.0,0.0,Team A,3
12,Prior Progressed,0.0,0.0,0.2999999999999998,0.0,0.0,0.0,0.0,0.0,0.07499999999999996,0.0,0.0,Team A,4
13,Prior to Finish,0.0,0.0,0.7000000000000002,0.0,0.0,0.0,0.0,0.0,0.925,0.0,0.0,Team A,4
14,New Work,0.0,4.0,3.0,1.0,1.0,1.0,3.0,2.0,1.0,0.0,0.0,Team A,4
15,Regressed,0.0,3.0,1.0,1.0,1.0,1.0,1.0,0.0,1.0,0.0,0.0,Team A,4
16,Prior Progressed,0.0,0.0,0.0,0.06666666666666698,0.20000000000000018,0.0,0.0,0.1428571428571428,0.0,0.11111111111111116,0.0,Team A,5
17,Prior to Finish,0.0,0.0,0.0,0.933333333333333,0.7999999999999998,0.0,0.0,0.8571428571428571,0.0,1.8888888888888888,0.0,Team A,5
18,New Work,0.0,2.0,2.0,4.0,0.0,1.0,1.0,0.0,0.0,0.0,1.0,Team A,5
19,Regressed,0.0,2.0,2.0,1.0,0.0,0.0,1.0,2.0,2.0,1.0,0.0,Team A,5
20,Prior Progressed,0.0,0.0,0.0,0.0,0.0,0.0,0.13333333333333353,0.0,0.0,1.0444444444444447,0.0,Team A,6
21,Prior to Finish,0.0,0.0,0.0,0.0,0.0,0.0,1.8666666666666665,0.0,0.0,1.9555555555555553,0.0,Team A,6
22,New Work,0.0,0.0,0.0,1.0,1.0,0.0,0.0,1.0,0.0,2.0,1.0,Team A,6
23,Regressed,0.0,1.0,2.0,1.0,0.0,0.0,1.0,0.0,0.0,1.0,0.0,Team A,6
24,Prior Progressed,0.0,0.0,0.10000000000000053,0.5333333333333332,0.0,0.0,0.2333333333333334,2.220446049250313e-16,0.0,0.9777777777777779,0.15999999999999992,Team A,7
25,Prior to Finish,0.0,0.0,0.8999999999999995,0.4666666666666668,0.0,0.0,0.7666666666666666,0.9999999999999998,0.0,0.022222222222222143,1.84,Team A,7
26,New Work,0.0,0.0,0.0,0.0,0.0,2.0,0.0,0.0,1.0,2.0,0.0,Team A,7
27,Regressed,0.0,3.0,0.0,0.0,0.0,0.0,1.0,2.0,0.0,0.0,0.0,Team A,7
28,Prior Progressed,0.0,0.0,0.0,0.6000000000000009,0.0,0.04000000000000026,0.30000000000000004,0.25714285714285723,0.0,0.1777777777777778,0.8800000000000001,Team A,8
29,Prior to Finish,0.0,0.0,0.0,0.3999999999999992,0.0,0.9599999999999997,0.6999999999999998,1.7428571428571427,0.0,1.8222222222222222,0.11999999999999988,Team A,8
30,New Work,0.0,0.0,2.0,2.0,2.0,0.0,1.0,0.0,0.0,0.0,0.0,Team A,8
31,Regressed,0.0,1.0,0.0,2.0,0.0,1.0,0.0,0.0,0.0,4.0,0.0,Team A,8
32,Prior Progressed,0.0,0.0,0.0,0.0,0.3000000000000005,0.2400000000000002,0.30000000000000004,0.1428571428571428,0.0,0.0,0.1200000000000001,Team A,9
33,Prior to Finish,0.0,0.0,0.0,0.0,0.6999999999999995,1.7599999999999998,0.6999999999999998,0.8571428571428571,0.0,0.0,0.8799999999999999,Team A,9
34,New Work,0.0,0.0,1.0,2.0,1.0,2.0,0.0,1.0,1.0,0.0,0.0,Team A,9
35,Regressed,0.0,0.0,0.0,2.0,0.0,0.0,0.0,0.0,0.0,2.0,1.0,Team A,9
36,Prior Progressed,0.0,0.0,0.0,0.0,0.0,0.0,0.2333333333333334,0.0,0.15000000000000013,0.2888888888888891,0.04000000000000015,Team A,10
37,Prior to Finish,0.0,0.0,0.0,0.0,0.0,0.0,0.7666666666666666,0.0,0.8499999999999999,1.7111111111111108,0.9599999999999997,Team A,10
38,New Work,0.0,0.0,0.0,0.0,1.0,2.0,0.0,0.0,1.0,0.0,1.0,Team A,10
39,Regressed,0.0,0.0,1.0,1.0,1.0,0.0,2.0,0.0,0.0,0.0,2.0,Team A,10
40,Prior Progressed,0.0,0.0,0.0,0.0,0.0,0.039999999999999813,0.13333333333333341,0.20000000000000026,0.050000000000000044,0.0666666666666671,0.0,Team A,11
41,Prior to Finish,0.0,0.0,0.0,0.0,0.0,0.9600000000000002,0.8666666666666666,1.7999999999999998,0.95,1.933333333333333,0.0,Team A,11
42,New Work,0.0,0.0,0.0,1.0,1.0,0.0,1.0,0.0,0.0,0.0,0.0,Team A,11
43,Regressed,0.0,0.0,2.0,2.0,1.0,1.0,0.0,1.0,1.0,0.0,0.0,Team A,11
44,Prior Progressed,0.0,0.0,0.0,0.0,0.0,0.0,0.0,0.6285714285714289,0.0,0.8888888888888891,0.02000000000000013,Team A,12
45,Prior to Finish,0.0,0.0,0.0,0.0,0.0,0.0,0.0,2.371428571428571,0.0,3.1111111111111107,0.9799999999999999,Team A,12
46,New Work,0.0,0.0,0.0,0.0,0.0,0.0,0.0,0.0,0.0,0.0,0.0,Team A,12
47,Regressed,0.0,0.0,0.0,0.0,3.0,2.0,0.0,2.0,0.0,1.0,1.0,Team A,12
48,Prior Progressed,0.0,0.0,0.0,0.0,0.0,0.0,0.7333333333333331,0.0,1.4500000000000002,0.24444444444444458,0.6400000000000001,Team A,13
49,Prior to Finish,0.0,0.0,0.0,0.0,0.0,0.0,0.26666666666666694,0.0,2.55,1.7555555555555555,0.3599999999999999,Team A,13
50,New Work,0.0,0.0,0.0,0.0,0.0,0.0,0.0,1.0,0.0,0.0,0.0,Team A,13
51,Regressed,0.0,0.0,0.0,0.0,0.0,2.0,0.0,0.0,0.0,0.0,0.0,Team A,13
52,Prior Progressed,0.0,0.0,0.0,0.0,0.0,0.0,0.0,0.9142857142857145,1.0999999999999999,0.7333333333333335,0.0,Team A,14
53,Prior to Finish,0.0,0.0,0.0,0.0,0.0,0.0,0.0,0.08571428571428552,1.9000000000000001,0.2666666666666665,0.0,Team A,14
54,New Work,0.0,0.0,0.0,0.0,0.0,0.0,0.0,0.0,0.0,0.0,0.0,Team A,14
55,Regressed,0.0,0.0,0.0,0.0,0.0,2.0,1.0,1.0,2.0,1.0,0.0,Team A,14
56,Prior Progressed,0.0,0.0,0.0,0.0,0.0,0.0,0.0,0.0,0.0,0.0,0.0,Team A,15
57,Prior to Finish,0.0,0.0,0.0,0.0,0.0,0.0,0.0,0.0,0.0,0.0,0.0,Team A,15
58,New Work,0.0,0.0,0.0,0.0,0.0,0.0,0.0,0.0,0.0,0.0,0.0,Team A,15
59,Regressed,0.0,0.0,0.0,0.0,0.0,0.0,1.0,1.0,0.0,1.0,0.0,Team A,15
60,Prior Progressed,0.0,0.0,0.0,0.0,0.0,0.0,0.0,0.0,0.0,0.0,0.0,Team A,16
61,Prior to Finish,0.0,0.0,0.0,0.0,0.0,0.0,0.0,0.0,0.0,0.0,0.0,Team A,16
62,New Work,0.0,0.0,0.0,0.0,0.0,0.0,0.0,0.0,0.0,0.0,0.0,Team A,16
63,Regressed,0.0,0.0,0.0,0.0,0.0,0.0,0.0,0.0,1.0,2.0,0.0,Team A,16
64,Prior Progressed,0.0,0.0,0.0,0.0,0.0,0.0,0.0,0.0,0.0,0.0,0.0,Team A,17
65,Prior to Finish,0.0,0.0,0.0,0.0,0.0,0.0,0.0,0.0,0.0,0.0,0.0,Team A,17
66,New Work,0.0,0.0,0.0,0.0,0.0,0.0,0.0,0.0,0.0,0.0,0.0,Team A,17
67,Regressed,0.0,0.0,0.0,0.0,0.0,0.0,0.0,1.0,1.0,0.0,0.0,Team A,17
68,Prior Progressed,0.0,0.0,0.0,0.0,0.0,0.0,0.0,0.0,0.0,0.0,0.0,Team A,18
69,Prior to Finish,0.0,0.0,0.0,0.0,0.0,0.0,0.0,0.0,0.0,0.0,0.0,Team A,18
70,New Work,0.0,0.0,0.0,0.0,0.0,0.0,0.0,0.0,0.0,0.0,0.0,Team A,18
71,Regressed,0.0,0.0,0.0,0.0,0.0,0.0,0.0,0.0,0.0,0.0,0.0,Team A,18
72,Prior Progressed,0.0,0.0,0.0,0.0,0.0,0.0,0.0,0.0,0.0,0.0,0.0,Team A,19
73,Prior to Finish,0.0,0.0,0.0,0.0,0.0,0.0,0.0,0.0,0.0,0.0,0.0,Team A,19
74,New Work,0.0,0.0,0.0,0.0,0.0,0.0,0.0,0.0,0.0,0.0,0.0,Team A,19
75,Regressed,0.0,0.0,0.0,0.0,0.0,0.0,0.0,0.0,0.0,0.0,0.0,Team A,19
76,Prior Progressed,0.0,0.0,0.0,0.0,0.0,0.0,0.0,0.0,0.0,0.0,0.0,Team A,20
77,Prior to Finish,0.0,0.0,0.0,0.0,0.0,0.0,0.0,0.0,0.0,0.0,0.0,Team A,20
78,New Work,0.0,0.0,0.0,0.0,0.0,0.0,0.0,0.0,0.0,0.0,0.0,Team A,20
79,Regressed,0.0,0.0,0.0,0.0,0.0,0.0,0.0,0.0,0.0,0.0,0.0,Team A,20
80,Prior Progressed,0.0,0.0,0.0,0.0,0.0,0.0,0.0,0.0,0.0,0.0,0.0,Team A,21
81,Prior to Finish,0.0,0.0,0.0,0.0,0.0,0.0,0.0,0.0,0.0,0.0,0.0,Team A,21
82,New Work,0.0,0.0,0.0,0.0,0.0,0.0,0.0,0.0,0.0,0.0,0.0,Team A,21
83,Regressed,0.0,0.0,0.0,0.0,0.0,0.0,0.0,0.0,0.0,0.0,0.0,Team A,21
84,Prior Progressed,0.0,0.0,0.0,0.0,0.0,0.0,0.0,0.0,0.0,0.0,0.0,Team A,22
85,Prior to Finish,0.0,0.0,0.0,0.0,0.0,0.0,0.0,0.0,0.0,0.0,0.0,Team A,22
86,New Work,0.0,0.0,0.0,0.0,0.0,0.0,0.0,0.0,0.0,0.0,0.0,Team A,22
87,Regressed,0.0,0.0,0.0,0.0,0.0,0.0,0.0,0.0,0.0,0.0,0.0,Team A,22
88,Prior Progressed,0.0,0.0,0.0,0.0,0.0,0.0,0.0,0.0,0.0,0.0,0.0,Team A,23
89,Prior to Finish,0.0,0.0,0.0,0.0,0.0,0.0,0.0,0.0,0.0,0.0,0.0,Team A,23
90,New Work,0.0,0.0,0.0,0.0,0.0,0.0,0.0,0.0,0.0,0.0,0.0,Team A,23
91,Regressed,0.0,0.0,0.0,0.0,0.0,0.0,0.0,0.0,0.0,0.0,0.0,Team A,23
92,Prior Progressed,0.0,0.0,0.0,0.0,0.0,0.0,0.0,0.0,0.0,0.0,0.0,Team A,24
93,Prior to Finish,0.0,0.0,0.0,0.0,0.0,0.0,0.0,0.0,0.0,0.0,0.0,Team A,24
94,New Work,0.0,0.0,0.0,0.0,0.0,0.0,0.0,0.0,0.0,0.0,0.0,Team A,24
95,Regressed,0.0,0.0,0.0,0.0,0.0,0.0,0.0,0.0,0.0,0.0,0.0,Team A,24
96,Prior Progressed,0.0,0.0,0.0,0.0,0.0,0.0,0.0,0.0,0.0,0.0,0.0,Team A,25
97,Prior to Finish,0.0,0.0,0.0,0.0,0.0,0.0,0.0,0.0,0.0,0.0,0.0,Team A,25
98,New Work,0.0,0.0,0.0,0.0,0.0,0.0,0.0,0.0,0.0,0.0,0.0,Team A,25
99,Regressed,0.0,0.0,0.0,0.0,0.0,0.0,0.0,0.0,0.0,0.0,0.0,Team A,25
100,Prior Progressed,0.0,0.0,0.0,0.0,0.0,0.0,0.0,0.0,0.0,0.0,0.0,Team B,1
101,Prior to Finish,0.0,0.0,0.0,0.0,0.0,0.0,0.0,0.0,0.0,0.0,0.0,Team B,1
102,New Work,0.0,5.0,1.0,2.0,3.0,1.0,2.0,0.0,0.0,2.0,0.0,Team B,1
103,Regressed,0.0,0.0,0.0,0.0,0.0,0.0,0.0,0.0,0.0,0.0,0.0,Team B,1
104,Prior Progressed,0.0,0.0,0.0,0.0,0.0,0.0,0.0,0.0,0.0,0.0,0.0,Team B,2
105,Prior to Finish,0.0,0.0,0.0,0.0,0.0,0.0,0.0,0.0,0.0,0.0,0.0,Team B,2
106,New Work,0.0,3.0,4.0,1.0,0.0,1.0,1.0,0.0,2.0,1.0,1.0,Team B,2
107,Regressed,0.0,0.0,0.0,0.0,0.0,0.0,0.0,0.0,0.0,0.0,0.0,Team B,2
108,Prior Progressed,0.0,0.0,0.0,0.0,0.0,0.0,0.0,0.0,0.0,0.0,0.0,Team B,3
109,Prior to Finish,0.0,0.0,0.0,0.0,0.0,0.0,0.0,0.0,0.0,0.0,0.0,Team B,3
110,New Work,0.0,3.0,5.0,2.0,0.0,3.0,1.0,0.0,1.0,1.0,0.0,Team B,3
111,Regressed,0.0,0.0,0.0,0.0,1.0,0.0,0.0,0.0,0.0,1.0,0.0,Team B,3
112,Prior Progressed,0.0,0.0,0.0,0.0,0.0,0.0,0.0,0.0,0.0,0.04444444444444429,0.0,Team B,4
113,Prior to Finish,0.0,0.0,0.0,0.0,0.0,0.0,0.0,0.0,0.0,1.9555555555555557,0.0,Team B,4
114,New Work,0.0,0.0,2.0,0.0,4.0,1.0,0.0,0.0,1.0,0.0,0.0,Team B,4
115,Regressed,0.0,1.0,1.0,1.0,1.0,0.0,0.0,0.0,0.0,0.0,0.0,Team B,4
116,Prior Progressed,0.0,0.0,0.0,0.0,1.35,0.1599999999999998,0.0,0.0,0.04999999999999982,0.0,0.08000000000000007,Team B,5
117,Prior to Finish,0.0,0.0,0.0,0.0,1.65,0.8400000000000002,0.0,0.0,0.9500000000000002,0.0,0.9199999999999999,Team B,5
118,New Work,0.0,0.0,0.0,0.0,0.0,3.0,0.0,1.0,0.0,0.0,0.0,Team B,5
119,Regressed,0.0,1.0,4.0,1.0,1.0,0.0,0.0,0.0,0.0,1.0,1.0,Team B,5
120,Prior Progressed,0.0,0.0,0.0,0.0,0.1499999999999999,0.0,0.06666666666666676,0.0,0.2749999999999999,0.0,1.0199999999999998,Team B,6
121,Prior to Finish,0.0,0.0,0.0,0.0,0.8500000000000001,0.0,0.9333333333333332,0.0,1.725,0.0,0.9800000000000003,Team B,6
122,New Work,0.0,0.0,0.0,1.0,1.0,0.0,1.0,0.0,0.0,0.0,0.0,Team B,6
123,Regressed,0.0,1.0,3.0,1.0,1.0,1.0,0.0,0.0,0.0,1.0,0.0,Team B,6
124,Prior Progressed,0.0,0.0,0.0,0.0,0.2999999999999996,0.0,0.0,0.17142857142857104,0.44999999999999973,0.0,0.28,Team B,7
125,Prior to Finish,0.0,0.0,0.0,0.0,0.7000000000000004,0.0,0.0,0.828571428571429,1.5500000000000003,0.0,0.72,Team B,7
126,New Work,0.0,0.0,0.0,0.0,1.0,1.0,1.0,0.0,0.0,0.0,0.0,Team B,7
127,Regressed,0.0,0.0,1.0,0.0,1.0,1.0,0.0,0.0,2.0,0.0,0.0,Team B,7
128,Prior Progressed,0.0,0.0,0.0,0.0,1.649999999999999,0.0,0.2999999999999996,0.0,0.0,0.0,0.29999999999999993,Team B,8
129,Prior to Finish,0.0,0.0,0.0,0.0,1.350000000000001,0.0,0.7000000000000005,0.0,0.0,0.0,1.7000000000000002,Team B,8
130,New Work,0.0,0.0,0.0,1.0,0.0,1.0,0.0,0.0,1.0,0.0,0.0,Team B,8
131,Regressed,0.0,0.0,0.0,0.0,1.0,0.0,0.0,1.0,2.0,0.0,1.0,Team B,8
132,Prior Progressed,0.0,0.0,0.0,0.0,0.0,0.6,0.33333333333333304,0.5428571428571425,0.0,0.06666666666666643,1.0599999999999996,Team B,9
133,Prior to Finish,0.0,0.0,0.0,0.0,0.0,0.4,0.666666666666667,0.4571428571428576,0.0,0.9333333333333336,0.9400000000000002,Team B,9
134,New Work,0.0,0.0,0.0,0.0,1.0,0.0,1.0,0.0,1.0,0.0,0.0,Team B,9
135,Regressed,0.0,0.0,0.0,0.0,1.0,0.0,1.0,1.0,0.0,0.0,1.0,Team B,9
136,Prior Progressed,0.0,0.0,0.0,0.0,0.0,0.0,0.0,0.485714285714285,0.4999999999999998,0.15555555555555556,0.07999999999999974,Team B,10
137,Prior to Finish,0.0,0.0,0.0,0.0,0.0,0.0,0.0,2.514285714285715,0.5000000000000002,0.8444444444444444,0.9200000000000003,Team B,10
138,New Work,0.0,0.0,0.0,0.0,0.0,0.0,0.0,0.0,0.0,0.0,0.0,Team B,10
139,Regressed,0.0,0.0,0.0,1.0,0.0,0.0,0.0,0.0,0.0,0.0,1.0,Team B,10
140,Prior Progressed,0.0,0.0,0.0,0.0,0.0,0.0,0.0,0.25714285714285723,1.1999999999999995,0.0,0.7599999999999995,Team B,11
141,Prior to Finish,0.0,0.0,0.0,0.0,0.0,0.0,0.0,0.7428571428571428,0.8000000000000005,0.0,2.24,Team B,11
142,New Work,0.0,0.0,0.0,0.0,0.0,0.0,0.0,1.0,0.0,0.0,0.0,Team B,11
143,Regressed,0.0,0.0,0.0,0.0,1.0,1.0,1.0,0.0,0.0,0.0,1.0,Team B,11
144,Prior Progressed,0.0,0.0,0.0,0.0,0.0,0.0,0.1666666666666664,0.0,0.0,0.8222222222222217,0.5599999999999998,Team B,12
145,Prior to Finish,0.0,0.0,0.0,0.0,0.0,0.0,0.8333333333333336,0.0,0.0,3.1777777777777785,0.4400000000000002,Team B,12
146,New Work,0.0,0.0,0.0,0.0,0.0,0.0,0.0,0.0,0.0,0.0,0.0,Team B,12
147,Regressed,0.0,0.0,0.0,0.0,0.0,1.0,0.0,0.0,1.0,0.0,1.0,Team B,12
148,Prior Progressed,0.0,0.0,0.0,0.0,0.0,0.0,0.6333333333333334,0.0,0.24999999999999978,0.42222222222222194,0.7799999999999996,Team B,13
149,Prior to Finish,0.0,0.0,0.0,0.0,0.0,0.0,0.36666666666666653,0.0,0.7500000000000002,1.577777777777778,1.2200000000000006,Team B,13
150,New Work,0.0,0.0,0.0,0.0,0.0,0.0,0.0,0.0,0.0,0.0,0.0,Team B,13
151,Regressed,0.0,0.0,0.0,0.0,0.0,0.0,1.0,2.0,0.0,0.0,1.0,Team B,13
152,Prior Progressed,0.0,0.0,0.0,0.0,0.0,0.0,0.0,0.0,0.0,0.08888888888888857,0.0,Team B,14
153,Prior to Finish,0.0,0.0,0.0,0.0,0.0,0.0,0.0,0.0,0.0,0.9111111111111114,0.0,Team B,14
154,New Work,0.0,0.0,0.0,0.0,0.0,0.0,0.0,0.0,0.0,0.0,0.0,Team B,14
155,Regressed,0.0,0.0,0.0,0.0,0.0,0.0,0.0,0.0,0.0,0.0,0.0,Team B,14
156,Prior Progressed,0.0,0.0,0.0,0.0,0.0,0.0,0.0,0.0,0.0,0.0,0.0,Team B,15
157,Prior to Finish,0.0,0.0,0.0,0.0,0.0,0.0,0.0,0.0,0.0,0.0,0.0,Team B,15
158,New Work,0.0,0.0,0.0,0.0,0.0,0.0,0.0,0.0,0.0,0.0,0.0,Team B,15
159,Regressed,0.0,0.0,0.0,0.0,0.0,0.0,0.0,0.0,2.0,0.0,2.0,Team B,15
160,Prior Progressed,0.0,0.0,0.0,0.0,0.0,0.0,0.0,0.0,0.0,0.0,0.0,Team B,16
161,Prior to Finish,0.0,0.0,0.0,0.0,0.0,0.0,0.0,0.0,0.0,0.0,0.0,Team B,16
162,New Work,0.0,0.0,0.0,0.0,0.0,0.0,0.0,0.0,0.0,0.0,0.0,Team B,16
163,Regressed,0.0,0.0,0.0,0.0,0.0,0.0,0.0,0.0,0.0,2.0,0.0,Team B,16
164,Prior Progressed,0.0,0.0,0.0,0.0,0.0,0.0,0.0,0.0,0.0,0.0,0.0,Team B,17
165,Prior to Finish,0.0,0.0,0.0,0.0,0.0,0.0,0.0,0.0,0.0,0.0,0.0,Team B,17
166,New Work,0.0,0.0,0.0,0.0,0.0,0.0,0.0,0.0,0.0,0.0,0.0,Team B,17
167,Regressed,0.0,0.0,0.0,0.0,0.0,0.0,1.0,0.0,0.0,1.0,0.0,Team B,17
168,Prior Progressed,0.0,0.0,0.0,0.0,0.0,0.0,0.0,0.0,0.0,0.0,0.0,Team B,18
169,Prior to Finish,0.0,0.0,0.0,0.0,0.0,0.0,0.0,0.0,0.0,0.0,0.0,Team B,18
170,New Work,0.0,0.0,0.0,0.0,0.0,0.0,0.0,0.0,0.0,0.0,0.0,Team B,18
171,Regressed,0.0,0.0,0.0,0.0,0.0,0.0,0.0,0.0,0.0,0.0,0.0,Team B,18
172,Prior Progressed,0.0,0.0,0.0,0.0,0.0,0.0,0.0,0.0,0.0,0.0,0.0,Team B,19
173,Prior to Finish,0.0,0.0,0.0,0.0,0.0,0.0,0.0,0.0,0.0,0.0,0.0,Team B,19
174,New Work,0.0,0.0,0.0,0.0,0.0,0.0,0.0,0.0,0.0,0.0,0.0,Team B,19
175,Regressed,0.0,0.0,0.0,0.0,0.0,0.0,0.0,0.0,0.0,0.0,0.0,Team B,19
176,Prior Progressed,0.0,0.0,0.0,0.0,0.0,0.0,0.0,0.0,0.0,0.0,0.0,Team B,20
177,Prior to Finish,0.0,0.0,0.0,0.0,0.0,0.0,0.0,0.0,0.0,0.0,0.0,Team B,20
178,New Work,0.0,0.0,0.0,0.0,0.0,0.0,0.0,0.0,0.0,0.0,0.0,Team B,20
179,Regressed,0.0,0.0,0.0,0.0,0.0,0.0,0.0,0.0,0.0,0.0,0.0,Team B,20
180,Prior Progressed,0.0,0.0,0.0,0.0,0.0,0.0,0.0,0.0,0.0,0.0,0.0,Team B,21
181,Prior to Finish,0.0,0.0,0.0,0.0,0.0,0.0,0.0,0.0,0.0,0.0,0.0,Team B,21
182,New Work,0.0,0.0,0.0,0.0,0.0,0.0,0.0,0.0,0.0,0.0,0.0,Team B,21
183,Regressed,0.0,0.0,0.0,0.0,0.0,0.0,0.0,0.0,0.0,0.0,0.0,Team B,21
184,Prior Progressed,0.0,0.0,0.0,0.0,0.0,0.0,0.0,0.0,0.0,0.0,0.0,Team B,22
185,Prior to Finish,0.0,0.0,0.0,0.0,0.0,0.0,0.0,0.0,0.0,0.0,0.0,Team B,22
186,New Work,0.0,0.0,0.0,0.0,0.0,0.0,0.0,0.0,0.0,0.0,0.0,Team B,22
187,Regressed,0.0,0.0,0.0,0.0,0.0,0.0,0.0,0.0,0.0,0.0,0.0,Team B,22
188,Prior Progressed,0.0,0.0,0.0,0.0,0.0,0.0,0.0,0.0,0.0,0.0,0.0,Team B,23
189,Prior to Finish,0.0,0.0,0.0,0.0,0.0,0.0,0.0,0.0,0.0,0.0,0.0,Team B,23
190,New Work,0.0,0.0,0.0,0.0,0.0,0.0,0.0,0.0,0.0,0.0,0.0,Team B,23
191,Regressed,0.0,0.0,0.0,0.0,0.0,0.0,0.0,0.0,0.0,0.0,0.0,Team B,23
192,Prior Progressed,0.0,0.0,0.0,0.0,0.0,0.0,0.0,0.0,0.0,0.0,0.0,Team B,24
193,Prior to Finish,0.0,0.0,0.0,0.0,0.0,0.0,0.0,0.0,0.0,0.0,0.0,Team B,24
194,New Work,0.0,0.0,0.0,0.0,0.0,0.0,0.0,0.0,0.0,0.0,0.0,Team B,24
195,Regressed,0.0,0.0,0.0,0.0,0.0,0.0,0.0,0.0,0.0,0.0,0.0,Team B,24
196,Prior Progressed,0.0,0.0,0.0,0.0,0.0,0.0,0.0,0.0,0.0,0.0,0.0,Team B,25
197,Prior to Finish,0.0,0.0,0.0,0.0,0.0,0.0,0.0,0.0,0.0,0.0,0.0,Team B,25
198,New Work,0.0,0.0,0.0,0.0,0.0,0.0,0.0,0.0,0.0,0.0,0.0,Team B,25
199,Regressed,0.0,0.0,0.0,0.0,0.0,0.0,0.0,0.0,0.0,0.0,0.0,Team B,25
200,Prior Progressed,0.0,0.0,0.0,0.0,0.0,0.0,0.0,0.0,0.0,0.0,0.0,Team C,1
201,Prior to Finish,0.0,0.0,0.0,0.0,0.0,0.0,0.0,0.0,0.0,0.0,0.0,Team C,1
202,New Work,0.0,3.0,4.0,3.0,1.0,1.0,3.0,2.0,0.0,1.0,0.0,Team C,1
203,Regressed,0.0,0.0,0.0,0.0,0.0,0.0,0.0,0.0,0.0,0.0,0.0,Team C,1
204,Prior Progressed,0.0,0.0,0.0,0.0,0.0,0.0,0.0,0.0,0.0,0.0,0.0,Team C,2
205,Prior to Finish,0.0,0.0,0.0,0.0,0.0,0.0,0.0,0.0,0.0,0.0,0.0,Team C,2
206,New Work,0.0,4.0,1.0,1.0,4.0,1.0,1.0,1.0,1.0,1.0,1.0,Team C,2
207,Regressed,0.0,0.0,0.0,0.0,0.0,0.0,0.0,0.0,0.0,0.0,0.0,Team C,2
208,Prior Progressed,0.0,0.0,0.0,0.0,0.0,0.0,0.0,0.0,0.0,0.0,0.0,Team C,3
209,Prior to Finish,0.0,0.0,0.0,0.0,0.0,0.0,0.0,0.0,0.0,0.0,0.0,Team C,3
210,New Work,0.0,2.0,4.0,1.0,0.0,0.0,0.0,3.0,2.0,1.0,1.0,Team C,3
211,Regressed,0.0,0.0,0.0,0.0,0.0,0.0,0.0,0.0,0.0,0.0,0.0,Team C,3
212,Prior Progressed,0.0,0.0,0.0,0.0,0.0,0.0,0.0,0.0,0.0,0.11111111111111116,0.0,Team C,4
213,Prior to Finish,0.0,0.0,0.0,0.0,0.0,0.0,0.0,0.0,0.0,0.8888888888888888,0.0,Team C,4
214,New Work,0.0,0.0,2.0,4.0,2.0,1.0,1.0,0.0,0.0,2.0,0.0,Team C,4
215,Regressed,0.0,0.0,1.0,1.0,1.0,0.0,1.0,0.0,0.0,1.0,0.0,Team C,4
216,Prior Progressed,0.0,0.0,0.0,0.0,0.0,0.19999999999999996,0.0,0.3999999999999998,0.0,0.0,0.040000000000000036,Team C,5
217,Prior to Finish,0.0,0.0,0.0,0.0,0.0,0.8,0.0,3.6,0.0,0.0,0.96,Team C,5
218,New Work,0.0,0.0,0.0,1.0,1.0,0.0,0.0,0.0,1.0,0.0,0.0,Team C,5
219,Regressed,0.0,0.0,0.0,1.0,2.0,0.0,1.0,2.0,1.0,0.0,1.0,Team C,5
220,Prior Progressed,0.0,0.0,0.0,0.8666666666666666,0.0,0.08000000000000007,0.6666666666666666,0.4285714285714284,0.0,0.0,0.64,Team C,6
221,Prior to Finish,0.0,0.0,0.0,0.13333333333333341,0.0,0.9199999999999999,2.3333333333333335,0.5714285714285717,0.0,0.0,0.36,Team C,6
222,New Work,0.0,0.0,0.0,1.0,2.0,2.0,0.0,0.0,0.0,0.0,0.0,Team C,6
223,Regressed,0.0,2.0,2.0,0.0,0.0,1.0,0.0,2.0,1.0,2.0,0.0,Team C,6
224,Prior Progressed,0.0,0.0,0.0,0.0,0.0,0.0,0.1666666666666663,0.5714285714285714,0.2749999999999998,0.0,0.5,Team C,7
225,Prior to Finish,0.0,0.0,0.0,0.0,0.0,0.0,1.8333333333333337,1.4285714285714286,0.7250000000000002,0.0,1.5,Team C,7
226,New Work,0.0,0.0,0.0,0.0,3.0,1.0,0.0,0.0,0.0,0.0,0.0,Team C,7
227,Regressed,0.0,0.0,1.0,1.0,0.0,1.0,0.0,1.0,0.0,1.0,0.0,Team C,7
228,Prior Progressed,0.0,0.0,0.0,0.0,0.0,0.5600000000000002,0.0,0.05714285714285705,0.02499999999999969,0.1777777777777778,0.09999999999999987,Team C,8
229,Prior to Finish,0.0,0.0,0.0,0.0,0.0,0.43999999999999984,0.0,0.942857142857143,0.9750000000000003,1.8222222222222222,1.9000000000000001,Team C,8
230,New Work,0.0,0.0,0.0,0.0,0.0,0.0,1.0,0.0,0.0,0.0,0.0,Team C,8
231,Regressed,0.0,0.0,0.0,0.0,1.0,2.0,0.0,1.0,0.0,0.0,0.0,Team C,8
232,Prior Progressed,0.0,0.0,0.0,0.0,0.20000000000000018,0.0,0.13333333333333341,0.0,0.0,0.444444444444444,1.2199999999999998,Team C,9
233,Prior to Finish,0.0,0.0,0.0,0.0,0.7999999999999998,0.0,0.8666666666666666,0.0,0.0,1.555555555555556,1.7800000000000005,Team C,9
234,New Work,0.0,0.0,0.0,0.0,1.0,0.0,1.0,0.0,0.0,0.0,0.0,Team C,9
235,Regressed,0.0,0.0,0.0,1.0,1.0,0.0,1.0,2.0,0.0,0.0,1.0,Team C,9
236,Prior Progressed,0.0,0.0,0.0,0.0,0.0,0.07999999999999952,0.9333333333333333,0.0,0.24999999999999978,0.1777777777777776,0.28,Team C,10
237,Prior to Finish,0.0,0.0,0.0,0.0,0.0,0.9200000000000005,1.0666666666666667,0.0,1.7500000000000002,0.8222222222222224,0.72,Team C,10
238,New Work,0.0,0.0,0.0,0.0,1.0,1.0,0.0,0.0,0.0,0.0,0.0,Team C,10
239,Regressed,0.0,0.0,0.0,0.0,1.0,1.0,0.0,1.0,0.0,0.0,1.0,Team C,10
240,Prior Progressed,0.0,0.0,0.0,0.0,0.4499999999999993,0.0,0.06666666666666632,0.0,0.0,0.6666666666666664,0.8,Team C,11
241,Prior to Finish,0.0,0.0,0.0,0.0,0.5500000000000007,0.0,0.9333333333333337,0.0,0.0,1.3333333333333335,2.1999999999999997,Team C,11
242,New Work,0.0,0.0,0.0,0.0,0.0,1.0,0.0,0.0,0.0,0.0,0.0,Team C,11
243,Regressed,0.0,0.0,0.0,0.0,2.0,0.0,1.0,1.0,0.0,1.0,1.0,Team C,11
244,Prior Progressed,0.0,0.0,0.0,0.0,0.0,0.15999999999999948,0.0,0.3999999999999999,0.5999999999999995,0.022222222222222476,1.6599999999999997,Team C,12
245,Prior to Finish,0.0,0.0,0.0,0.0,0.0,0.8400000000000005,0.0,0.6000000000000002,0.40000000000000047,0.9777777777777774,1.3400000000000003,Team C,12
246,New Work,0.0,0.0,0.0,0.0,0.0,2.0,0.0,1.0,0.0,0.0,0.0,Team C,12
247,Regressed,0.0,0.0,0.0,0.0,0.0,0.0,0.0,0.0,0.0,1.0,1.0,Team C,12
248,Prior Progressed,0.0,0.0,0.0,0.0,0.0,0.0,0.0,0.0,0.825,1.4444444444444442,0.4799999999999993,Team C,13
249,Prior to Finish,0.0,0.0,0.0,0.0,0.0,0.0,0.0,0.0,1.175,1.5555555555555558,1.520000000000001,Team C,13
250,New Work,0.0,0.0,0.0,0.0,0.0,1.0,0.0,0.0,0.0,0.0,0.0,Team C,13
251,Regressed,0.0,0.0,0.0,0.0,0.0,2.0,1.0,0.0,0.0,1.0,1.0,Team C,13
252,Prior Progressed,0.0,0.0,0.0,0.0,0.0,0.0,0.0,0.0,0.8499999999999989,0.0,1.3799999999999994,Team C,14
253,Prior to Finish,0.0,0.0,0.0,0.0,0.0,0.0,0.0,0.0,1.1500000000000012,0.0,0.6200000000000004,Team C,14
254,New Work,0.0,0.0,0.0,0.0,0.0,0.0,0.0,0.0,0.0,0.0,0.0,Team C,14
255,Regressed,0.0,0.0,0.0,0.0,0.0,1.0,2.0,1.0,1.0,0.0,0.0,Team C,14
256,Prior Progressed,0.0,0.0,0.0,0.0,0.0,0.0,0.0,0.0,0.0,0.0,0.0,Team C,15
257,Prior to Finish,0.0,0.0,0.0,0.0,0.0,0.0,0.0,0.0,0.0,0.0,0.0,Team C,15
258,New Work,0.0,0.0,0.0,0.0,0.0,0.0,0.0,0.0,0.0,0.0,0.0,Team C,15
259,Regressed,0.0,0.0,0.0,0.0,0.0,1.0,0.0,0.0,1.0,1.0,2.0,Team C,15
260,Prior Progressed,0.0,0.0,0.0,0.0,0.0,0.0,0.0,0.0,0.0,0.0,0.0,Team C,16
261,Prior to Finish,0.0,0.0,0.0,0.0,0.0,0.0,0.0,0.0,0.0,0.0,0.0,Team C,16
262,New Work,0.0,0.0,0.0,0.0,0.0,0.0,0.0,0.0,0.0,0.0,0.0,Team C,16
263,Regressed,0.0,0.0,0.0,0.0,0.0,1.0,0.0,1.0,2.0,0.0,0.0,Team C,16
264,Prior Progressed,0.0,0.0,0.0,0.0,0.0,0.0,0.0,0.0,0.0,0.0,0.0,Team C,17
265,Prior to Finish,0.0,0.0,0.0,0.0,0.0,0.0,0.0,0.0,0.0,0.0,0.0,Team C,17
266,New Work,0.0,0.0,0.0,0.0,0.0,0.0,0.0,0.0,0.0,0.0,0.0,Team C,17
267,Regressed,0.0,0.0,0.0,0.0,0.0,0.0,0.0,0.0,1.0,0.0,1.0,Team C,17
268,Prior Progressed,0.0,0.0,0.0,0.0,0.0,0.0,0.0,0.0,0.0,0.0,0.0,Team C,18
269,Prior to Finish,0.0,0.0,0.0,0.0,0.0,0.0,0.0,0.0,0.0,0.0,0.0,Team C,18
270,New Work,0.0,0.0,0.0,0.0,0.0,0.0,0.0,0.0,0.0,0.0,0.0,Team C,18
271,Regressed,0.0,0.0,0.0,0.0,0.0,0.0,0.0,0.0,0.0,0.0,0.0,Team C,18
272,Prior Progressed,0.0,0.0,0.0,0.0,0.0,0.0,0.0,0.0,0.0,0.0,0.0,Team C,19
273,Prior to Finish,0.0,0.0,0.0,0.0,0.0,0.0,0.0,0.0,0.0,0.0,0.0,Team C,19
274,New Work,0.0,0.0,0.0,0.0,0.0,0.0,0.0,0.0,0.0,0.0,0.0,Team C,19
275,Regressed,0.0,0.0,0.0,0.0,0.0,0.0,0.0,0.0,0.0,0.0,0.0,Team C,19
276,Prior Progressed,0.0,0.0,0.0,0.0,0.0,0.0,0.0,0.0,0.0,0.0,0.0,Team C,20
277,Prior to Finish,0.0,0.0,0.0,0.0,0.0,0.0,0.0,0.0,0.0,0.0,0.0,Team C,20
278,New Work,0.0,0.0,0.0,0.0,0.0,0.0,0.0,0.0,0.0,0.0,0.0,Team C,20
279,Regressed,0.0,0.0,0.0,0.0,0.0,0.0,0.0,0.0,0.0,0.0,0.0,Team C,20
280,Prior Progressed,0.0,0.0,0.0,0.0,0.0,0.0,0.0,0.0,0.0,0.0,0.0,Team C,21
281,Prior to Finish,0.0,0.0,0.0,0.0,0.0,0.0,0.0,0.0,0.0,0.0,0.0,Team C,21
282,New Work,0.0,0.0,0.0,0.0,0.0,0.0,0.0,0.0,0.0,0.0,0.0,Team C,21
283,Regressed,0.0,0.0,0.0,0.0,0.0,0.0,0.0,0.0,0.0,0.0,0.0,Team C,21
284,Prior Progressed,0.0,0.0,0.0,0.0,0.0,0.0,0.0,0.0,0.0,0.0,0.0,Team C,22
285,Prior to Finish,0.0,0.0,0.0,0.0,0.0,0.0,0.0,0.0,0.0,0.0,0.0,Team C,22
286,New Work,0.0,0.0,0.0,0.0,0.0,0.0,0.0,0.0,0.0,0.0,0.0,Team C,22
287,Regressed,0.0,0.0,0.0,0.0,0.0,0.0,0.0,0.0,0.0,0.0,0.0,Team C,22
288,Prior Progressed,0.0,0.0,0.0,0.0,0.0,0.0,0.0,0.0,0.0,0.0,0.0,Team C,23
289,Prior to Finish,0.0,0.0,0.0,0.0,0.0,0.0,0.0,0.0,0.0,0.0,0.0,Team C,23
290,New Work,0.0,0.0,0.0,0.0,0.0,0.0,0.0,0.0,0.0,0.0,0.0,Team C,23
291,Regressed,0.0,0.0,0.0,0.0,0.0,0.0,0.0,0.0,0.0,0.0,0.0,Team C,23
292,Prior Progressed,0.0,0.0,0.0,0.0,0.0,0.0,0.0,0.0,0.0,0.0,0.0,Team C,24
293,Prior to Finish,0.0,0.0,0.0,0.0,0.0,0.0,0.0,0.0,0.0,0.0,0.0,Team C,24
294,New Work,0.0,0.0,0.0,0.0,0.0,0.0,0.0,0.0,0.0,0.0,0.0,Team C,24
295,Regressed,0.0,0.0,0.0,0.0,0.0,0.0,0.0,0.0,0.0,0.0,0.0,Team C,24
296,Prior Progressed,0.0,0.0,0.0,0.0,0.0,0.0,0.0,0.0,0.0,0.0,0.0,Team C,25
297,Prior to Finish,0.0,0.0,0.0,0.0,0.0,0.0,0.0,0.0,0.0,0.0,0.0,Team C,25
298,New Work,0.0,0.0,0.0,0.0,0.0,0.0,0.0,0.0,0.0,0.0,0.0,Team C,25
299,Regressed,0.0,0.0,0.0,0.0,0.0,0.0,0.0,0.0,0.0,0.0,0.0,Team C,25
300,Prior Progressed,0.0,0.0,0.0,0.0,0.0,0.0,0.0,0.0,0.0,0.0,0.0,Team D,1
301,Prior to Finish,0.0,0.0,0.0,0.0,0.0,0.0,0.0,0.0,0.0,0.0,0.0,Team D,1
302,New Work,0.0,6.0,0.0,4.0,2.0,1.0,4.0,1.0,0.0,2.0,1.0,Team D,1
303,Regressed,0.0,0.0,0.0,0.0,0.0,0.0,0.0,0.0,0.0,0.0,0.0,Team D,1
304,Prior Progressed,0.0,0.0,0.0,0.0,0.0,0.0,0.0,0.0,0.0,0.0,0.0,Team D,2
305,Prior to Finish,0.0,0.0,0.0,0.0,0.0,0.0,0.0,0.0,0.0,0.0,0.0,Team D,2
306,New Work,0.0,6.0,2.0,4.0,1.0,3.0,1.0,1.0,0.0,4.0,0.0,Team D,2
307,Regressed,0.0,0.0,0.0,0.0,0.0,0.0,0.0,0.0,0.0,0.0,0.0,Team D,2
308,Prior Progressed,0.0,0.0,0.0,0.0,0.0,0.0,0.0,0.0,0.0,0.0,0.0,Team D,3
309,Prior to Finish,0.0,0.0,0.0,0.0,0.0,0.0,0.0,0.0,0.0,0.0,0.0,Team D,3
310,New Work,0.0,6.0,2.0,3.0,0.0,1.0,1.0,2.0,3.0,1.0,1.0,Team D,3
311,Regressed,0.0,1.0,0.0,1.0,1.0,0.0,0.0,0.0,0.0,0.0,0.0,Team D,3
312,Prior Progressed,0.0,0.0,0.0,0.0,0.20000000000000018,0.0,0.0,0.0,0.050000000000000044,0.022222222222222143,0.0,Team D,4
313,Prior to Finish,0.0,0.0,0.0,0.0,0.7999999999999998,0.0,0.0,0.0,0.95,0.9777777777777779,0.0,Team D,4
314,New Work,0.0,3.0,2.0,3.0,0.0,2.0,1.0,1.0,1.0,0.0,1.0,Team D,4
315,Regressed,0.0,4.0,0.0,3.0,1.0,1.0,0.0,0.0,0.0,3.0,1.0,Team D,4
316,Prior Progressed,0.0,0.0,0.0,0.0,0.0,0.040000000000000036,0.0,0.0,0.0,0.022222222222222143,0.12000000000000033,Team D,5
317,Prior to Finish,0.0,0.0,0.0,0.0,0.0,0.96,0.0,0.0,0.0,0.9777777777777779,1.8799999999999997,Team D,5
318,New Work,0.0,1.0,3.0,1.0,2.0,1.0,1.0,0.0,1.0,1.0,0.0,Team D,5
319,Regressed,0.0,4.0,0.0,4.0,0.0,1.0,0.0,0.0,1.0,2.0,0.0,Team D,5
320,Prior Progressed,0.0,0.0,0.0,0.0,0.10000000000000009,0.0,0.0,0.05714285714285694,0.1000000000000002,0.13333333333333353,0.9400000000000004,Team D,6
321,Prior to Finish,0.0,0.0,0.0,0.0,0.8999999999999999,0.0,0.0,1.942857142857143,1.9,1.8666666666666665,0.05999999999999961,Team D,6
322,New Work,0.0,0.0,4.0,2.0,0.0,1.0,1.0,0.0,0.0,0.0,0.0,Team D,6
323,Regressed,0.0,4.0,0.0,2.0,0.0,1.0,1.0,2.0,0.0,0.0,1.0,Team D,6
324,Prior Progressed,0.0,0.0,0.0,0.0,0.0,0.0,0.36666666666666736,0.2285714285714288,0.0,0.08888888888888935,0.15999999999999992,Team D,7
325,Prior to Finish,0.0,0.0,0.0,0.0,0.0,0.0,1.6333333333333326,0.7714285714285712,0.0,1.9111111111111105,1.84,Team D,7
326,New Work,0.0,0.0,1.0,2.0,2.0,1.0,1.0,0.0,0.0,0.0,0.0,Team D,7
327,Regressed,0.0,0.0,0.0,2.0,0.0,0.0,1.0,2.0,1.0,0.0,1.0,Team D,7
328,Prior Progressed,0.0,0.0,0.0,0.0,0.0,0.12000000000000033,0.06666666666666676,0.08571428571428563,0.32500000000000084,0.9777777777777781,0.9400000000000001,Team D,8
329,Prior to Finish,0.0,0.0,0.0,0.0,0.0,0.8799999999999997,0.9333333333333332,0.9142857142857144,2.674999999999999,0.02222222222222192,0.05999999999999994,Team D,8
330,New Work,0.0,0.0,4.0,3.0,1.0,1.0,0.0,1.0,0.0,0.0,0.0,Team D,8
331,Regressed,0.0,0.0,1.0,1.0,0.0,0.0,0.0,0.0,3.0,1.0,1.0,Team D,8
332,Prior Progressed,0.0,0.0,0.0,0.0,0.7500000000000009,0.11999999999999988,0.16666666666666696,0.11428571428571466,0.0,0.3777777777777782,0.0,Team D,9
333,Prior to Finish,0.0,0.0,0.0,0.0,2.249999999999999,0.8800000000000001,0.833333333333333,0.8857142857142853,0.0,2.622222222222222,0.0,Team D,9
334,New Work,0.0,0.0,0.0,1.0,1.0,2.0,1.0,0.0,1.0,0.0,0.0,Team D,9
335,Regressed,0.0,0.0,1.0,0.0,0.0,0.0,1.0,0.0,0.0,0.0,0.0,Team D,9
336,Prior Progressed,0.0,0.0,0.0,0.0,0.3999999999999999,0.5600000000000002,0.0333333333333341,0.02857142857142847,0.07499999999999996,0.04444444444444473,0.34000000000000064,Team D,10
337,Prior to Finish,0.0,0.0,0.0,0.0,0.6000000000000001,0.43999999999999984,0.9666666666666659,0.9714285714285715,0.925,0.9555555555555553,2.6599999999999993,Team D,10
338,New Work,0.0,0.0,0.0,0.0,0.0,1.0,1.0,0.0,0.0,0.0,0.0,Team D,10
339,Regressed,0.0,0.0,1.0,1.0,1.0,1.0,1.0,1.0,1.0,0.0,2.0,Team D,10
340,Prior Progressed,0.0,0.0,0.0,0.6000000000000009,0.0,3.3306690738754696e-16,0.9666666666666673,0.34285714285714286,0.0,0.28888888888888886,0.16000000000000036,Team D,11
341,Prior to Finish,0.0,0.0,0.0,0.3999999999999992,0.0,0.9999999999999997,0.03333333333333266,1.657142857142857,0.0,0.7111111111111111,1.8399999999999996,Team D,11
342,New Work,0.0,0.0,0.0,1.0,0.0,1.0,1.0,1.0,0.0,0.0,0.0,Team D,11
343,Regressed,0.0,0.0,2.0,1.0,0.0,1.0,1.0,0.0,2.0,1.0,1.0,Team D,11
344,Prior Progressed,0.0,0.0,0.0,0.0,0.9500000000000006,0.0,0.7666666666666669,0.0,0.5500000000000007,0.15555555555555556,1.1400000000000001,Team D,12
345,Prior to Finish,0.0,0.0,0.0,0.0,0.04999999999999938,0.0,1.2333333333333332,0.0,2.4499999999999993,0.8444444444444444,0.8599999999999999,Team D,12
346,New Work,0.0,0.0,0.0,0.0,1.0,1.0,2.0,0.0,0.0,0.0,0.0,Team D,12
347,Regressed,0.0,0.0,1.0,2.0,1.0,2.0,1.0,0.0,0.0,1.0,1.0,Team D,12
348,Prior Progressed,0.0,0.0,0.0,0.0,0.0,0.5200000000000007,1.033333333333334,0.2285714285714285,0.0,0.0,0.5800000000000003,Team D,13
349,Prior to Finish,0.0,0.0,0.0,0.0,0.0,1.4799999999999993,1.966666666666666,0.7714285714285715,0.0,0.0,1.4199999999999997,Team D,13
350,New Work,0.0,0.0,0.0,0.0,0.0,0.0,1.0,1.0,0.0,0.0,0.0,Team D,13
351,Regressed,0.0,0.0,0.0,1.0,0.0,1.0,1.0,2.0,0.0,1.0,1.0,Team D,13
352,Prior Progressed,0.0,0.0,0.0,0.0,0.0,0.0,0.0,0.0,0.44999999999999996,0.6444444444444444,1.4600000000000006,Team D,14
353,Prior to Finish,0.0,0.0,0.0,0.0,0.0,0.0,0.0,0.0,0.55,0.3555555555555556,2.539999999999999,Team D,14
354,New Work,0.0,0.0,0.0,0.0,0.0,0.0,0.0,0.0,0.0,0.0,0.0,Team D,14
355,Regressed,0.0,0.0,0.0,0.0,2.0,1.0,1.0,1.0,0.0,1.0,1.0,Team D,14
356,Prior Progressed,0.0,0.0,0.0,0.0,0.0,0.0,0.0,0.0,0.0,0.0,0.9600000000000003,Team D,15
357,Prior to Finish,0.0,0.0,0.0,0.0,0.0,0.0,0.0,0.0,0.0,0.0,0.0399999999999997,Team D,15
358,New Work,0.0,0.0,0.0,0.0,0.0,0.0,0.0,0.0,0.0,0.0,0.0,Team D,15
359,Regressed,0.0,0.0,0.0,0.0,1.0,2.0,2.0,1.0,0.0,0.0,0.0,Team D,15
360,Prior Progressed,0.0,0.0,0.0,0.0,0.0,0.0,0.0,0.0,0.0,0.0,0.0,Team D,16
361,Prior to Finish,0.0,0.0,0.0,0.0,0.0,0.0,0.0,0.0,0.0,0.0,0.0,Team D,16
362,New Work,0.0,0.0,0.0,0.0,0.0,0.0,0.0,0.0,0.0,0.0,0.0,Team D,16
363,Regressed,0.0,0.0,0.0,0.0,0.0,1.0,1.0,0.0,0.0,2.0,2.0,Team D,16
364,Prior Progressed,0.0,0.0,0.0,0.0,0.0,0.0,0.0,0.0,0.0,0.0,0.0,Team D,17
365,Prior to Finish,0.0,0.0,0.0,0.0,0.0,0.0,0.0,0.0,0.0,0.0,0.0,Team D,17
366,New Work,0.0,0.0,0.0,0.0,0.0,0.0,0.0,0.0,0.0,0.0,0.0,Team D,17
367,Regressed,0.0,0.0,0.0,0.0,0.0,0.0,0.0,0.0,1.0,1.0,1.0,Team D,17
368,Prior Progressed,0.0,0.0,0.0,0.0,0.0,0.0,0.0,0.0,0.0,0.0,0.0,Team D,18
369,Prior to Finish,0.0,0.0,0.0,0.0,0.0,0.0,0.0,0.0,0.0,0.0,0.0,Team D,18
370,New Work,0.0,0.0,0.0,0.0,0.0,0.0,0.0,0.0,0.0,0.0,0.0,Team D,18
371,Regressed,0.0,0.0,0.0,0.0,0.0,0.0,0.0,0.0,0.0,0.0,0.0,Team D,18
372,Prior Progressed,0.0,0.0,0.0,0.0,0.0,0.0,0.0,0.0,0.0,0.0,0.0,Team D,19
373,Prior to Finish,0.0,0.0,0.0,0.0,0.0,0.0,0.0,0.0,0.0,0.0,0.0,Team D,19
374,New Work,0.0,0.0,0.0,0.0,0.0,0.0,0.0,0.0,0.0,0.0,0.0,Team D,19
375,Regressed,0.0,0.0,0.0,0.0,0.0,0.0,0.0,0.0,0.0,0.0,0.0,Team D,19
376,Prior Progressed,0.0,0.0,0.0,0.0,0.0,0.0,0.0,0.0,0.0,0.0,0.0,Team D,20
377,Prior to Finish,0.0,0.0,0.0,0.0,0.0,0.0,0.0,0.0,0.0,0.0,0.0,Team D,20
378,New Work,0.0,0.0,0.0,0.0,0.0,0.0,0.0,0.0,0.0,0.0,0.0,Team D,20
379,Regressed,0.0,0.0,0.0,0.0,0.0,0.0,0.0,0.0,0.0,0.0,0.0,Team D,20
380,Prior Progressed,0.0,0.0,0.0,0.0,0.0,0.0,0.0,0.0,0.0,0.0,0.0,Team D,21
381,Prior to Finish,0.0,0.0,0.0,0.0,0.0,0.0,0.0,0.0,0.0,0.0,0.0,Team D,21
382,New Work,0.0,0.0,0.0,0.0,0.0,0.0,0.0,0.0,0.0,0.0,0.0,Team D,21
383,Regressed,0.0,0.0,0.0,0.0,0.0,0.0,0.0,0.0,0.0,0.0,0.0,Team D,21
384,Prior Progressed,0.0,0.0,0.0,0.0,0.0,0.0,0.0,0.0,0.0,0.0,0.0,Team D,22
385,Prior to Finish,0.0,0.0,0.0,0.0,0.0,0.0,0.0,0.0,0.0,0.0,0.0,Team D,22
386,New Work,0.0,0.0,0.0,0.0,0.0,0.0,0.0,0.0,0.0,0.0,0.0,Team D,22
387,Regressed,0.0,0.0,0.0,0.0,0.0,0.0,0.0,0.0,0.0,0.0,0.0,Team D,22
388,Prior Progressed,0.0,0.0,0.0,0.0,0.0,0.0,0.0,0.0,0.0,0.0,0.0,Team D,23
389,Prior to Finish,0.0,0.0,0.0,0.0,0.0,0.0,0.0,0.0,0.0,0.0,0.0,Team D,23
390,New Work,0.0,0.0,0.0,0.0,0.0,0.0,0.0,0.0,0.0,0.0,0.0,Team D,23
391,Regressed,0.0,0.0,0.0,0.0,0.0,0.0,0.0,0.0,0.0,0.0,0.0,Team D,23
392,Prior Progressed,0.0,0.0,0.0,0.0,0.0,0.0,0.0,0.0,0.0,0.0,0.0,Team D,24
393,Prior to Finish,0.0,0.0,0.0,0.0,0.0,0.0,0.0,0.0,0.0,0.0,0.0,Team D,24
394,New Work,0.0,0.0,0.0,0.0,0.0,0.0,0.0,0.0,0.0,0.0,0.0,Team D,24
395,Regressed,0.0,0.0,0.0,0.0,0.0,0.0,0.0,0.0,0.0,0.0,0.0,Team D,24
396,Prior Progressed,0.0,0.0,0.0,0.0,0.0,0.0,0.0,0.0,0.0,0.0,0.0,Team D,25
397,Prior to Finish,0.0,0.0,0.0,0.0,0.0,0.0,0.0,0.0,0.0,0.0,0.0,Team D,25
398,New Work,0.0,0.0,0.0,0.0,0.0,0.0,0.0,0.0,0.0,0.0,0.0,Team D,25
399,Regressed,0.0,0.0,0.0,0.0,0.0,0.0,0.0,0.0,0.0,0.0,0.0,Team D,25
