,Team idx,Backlog size
0,0,185
1,1,125
2,2,144
3,3,205
