,Ticket Id,User Story Id,Estimated Cost,Effort to Date,Percent Achieved,Sprint Reported,Sprint Fixed
0,Ticket #1,UserStory #52,1.0,1.0,1.0,2,3
1,Ticket #2,UserStory #83,0.4,0.4,1.0,2,3
2,Ticket #3,UserStory #137,0.4,0.4,1.0,2,3
3,Ticket #4,UserStory #201,0.8,0.8,1.0,2,3
4,Ticket #5,UserStory #253,1.8,1.8,1.0,2,3
5,Ticket #6,UserStory #502,0.2,0.2,1.0,2,3
6,Ticket #7,UserStory #594,0.8,0.8,1.0,2,3
7,Ticket #8,UserStory #617,0.6000000000000001,0.6000000000000001,1.0,2,3
8,Ticket #9,UserStory #33,0.8,0.8,1.0,3,4
9,Ticket #10,UserStory #53,1.6,1.6,1.0,3,4
10,Ticket #11,UserStory #75,0.2,0.2,1.0,3,4
11,Ticket #12,UserStory #77,0.6000000000000001,0.6000000000000001,1.0,3,4
12,Ticket #13,UserStory #113,0.2,0.2,1.0,3,4
13,Ticket #14,UserStory #117,0.2,0.2,1.0,3,4
14,Ticket #15,UserStory #119,1.0,1.0,1.0,3,4
15,Ticket #16,UserStory #153,0.4,0.4,1.0,3,4
16,Ticket #17,UserStory #164,1.2000000000000002,1.2000000000000002,1.0,3,4
17,Ticket #18,UserStory #201,0.8,0.8,1.0,3,4
18,Ticket #19,UserStory #261,0.6000000000000001,0.6000000000000001,1.0,3,4
19,Ticket #20,UserStory #286,0.2,0.2,1.0,3,4
20,Ticket #21,UserStory #309,0.4,0.4,1.0,3,4
21,Ticket #22,UserStory #316,0.4,0.4,1.0,3,4
22,Ticket #23,UserStory #373,0.6000000000000001,0.6000000000000001,1.0,3,4
23,Ticket #24,UserStory #398,1.2000000000000002,1.2000000000000002,1.0,3,4
24,Ticket #25,UserStory #413,0.8,0.8,1.0,3,4
25,Ticket #26,UserStory #454,1.8,1.8,1.0,3,4
26,Ticket #27,UserStory #467,0.2,0.2,1.0,3,4
27,Ticket #28,UserStory #469,2.0,2.0,1.0,3,4
28,Ticket #29,UserStory #517,1.8,1.8,1.0,3,4
29,Ticket #30,UserStory #553,0.6000000000000001,0.6000000000000001,1.0,3,4
30,Ticket #31,UserStory #558,0.2,0.2,1.0,3,4
31,Ticket #32,UserStory #566,0.8,0.8,1.0,3,4
32,Ticket #33,UserStory #587,1.8,1.8,1.0,3,4
33,Ticket #34,UserStory #596,0.6000000000000001,0.6000000000000001,1.0,3,4
34,Ticket #35,UserStory #606,0.2,0.2,1.0,3,4
35,Ticket #36,UserStory #617,0.6000000000000001,0.6000000000000001,1.0,3,4
36,Ticket #37,UserStory #639,1.8,1.8,1.0,3,4
37,Ticket #38,UserStory #640,0.2,0.2,1.0,3,4
38,Ticket #39,UserStory #642,1.0,1.0,1.0,3,4
39,Ticket #40,UserStory #25,1.6,1.6,1.0,4,5
40,Ticket #41,UserStory #26,1.4000000000000001,1.4000000000000001,1.0,4,5
41,Ticket #42,UserStory #94,1.2000000000000002,1.2000000000000002,1.0,4,5
42,Ticket #43,UserStory #129,0.6000000000000001,0.6000000000000001,1.0,4,5
43,Ticket #44,UserStory #139,0.2,0.2,1.0,4,5
44,Ticket #45,UserStory #143,1.8,1.8,1.0,4,5
45,Ticket #46,UserStory #151,0.4,0.4,1.0,4,5
46,Ticket #47,UserStory #157,1.4000000000000001,1.4000000000000001,1.0,4,5
47,Ticket #48,UserStory #168,0.2,0.2,1.0,4,5
48,Ticket #49,UserStory #178,0.4,0.4,1.0,4,5
49,Ticket #50,UserStory #180,1.6,1.6,1.0,4,5
50,Ticket #51,UserStory #187,0.6000000000000001,0.6000000000000001,1.0,4,5
51,Ticket #52,UserStory #201,0.8,0.8,1.0,4,5
52,Ticket #53,UserStory #211,2.0,2.0,1.0,4,5
53,Ticket #54,UserStory #243,0.4,0.4,1.0,4,5
54,Ticket #55,UserStory #247,0.2,0.2,1.0,4,5
55,Ticket #56,UserStory #276,0.4,0.4,1.0,4,5
56,Ticket #57,UserStory #277,0.4,0.4,1.0,4,5
57,Ticket #58,UserStory #287,0.4,0.4,1.0,4,5
58,Ticket #59,UserStory #299,1.8,1.8,1.0,4,5
59,Ticket #60,UserStory #325,1.6,1.6,1.0,4,5
60,Ticket #61,UserStory #368,0.8,0.8,1.0,4,5
61,Ticket #62,UserStory #373,0.6000000000000001,0.6000000000000001,1.0,4,5
62,Ticket #63,UserStory #380,2.0,2.0,1.0,4,5
63,Ticket #64,UserStory #389,1.4000000000000001,1.4000000000000001,1.0,4,5
64,Ticket #65,UserStory #398,1.2000000000000002,1.2000000000000002,1.0,4,5
65,Ticket #66,UserStory #440,1.4000000000000001,1.4000000000000001,1.0,4,5
66,Ticket #67,UserStory #451,0.8,0.8,1.0,4,5
67,Ticket #68,UserStory #455,0.2,0.2,1.0,4,5
68,Ticket #69,UserStory #487,0.2,0.2,1.0,4,5
69,Ticket #70,UserStory #532,0.6000000000000001,0.6000000000000001,1.0,4,5
70,Ticket #71,UserStory #563,0.6000000000000001,0.6000000000000001,1.0,4,5
71,Ticket #72,UserStory #565,0.2,0.2,1.0,4,5
72,Ticket #73,UserStory #573,1.6,1.6,1.0,4,5
73,Ticket #74,UserStory #583,1.8,1.8,1.0,4,5
74,Ticket #75,UserStory #593,1.0,1.0,1.0,4,5
75,Ticket #76,UserStory #608,0.6000000000000001,0.6000000000000001,1.0,4,5
76,Ticket #77,UserStory #612,0.6000000000000001,0.6000000000000001,1.0,4,5
77,Ticket #78,UserStory #639,1.8,1.8,1.0,4,5
78,Ticket #79,UserStory #640,0.2,0.2,1.0,4,5
79,Ticket #80,UserStory #48,0.4,0.4,1.0,5,6
80,Ticket #81,UserStory #50,1.2000000000000002,1.2000000000000002,1.0,5,6
81,Ticket #82,UserStory #109,0.6000000000000001,0.6000000000000001,1.0,5,6
82,Ticket #83,UserStory #145,0.4,0.4,1.0,5,6
83,Ticket #84,UserStory #146,0.2,0.2,1.0,5,6
84,Ticket #85,UserStory #148,1.8,1.8,1.0,5,6
85,Ticket #86,UserStory #193,0.8,0.8,1.0,5,6
86,Ticket #87,UserStory #207,0.4,0.4,1.0,5,6
87,Ticket #88,UserStory #215,0.2,0.2,1.0,5,6
88,Ticket #89,UserStory #243,0.4,0.4,1.0,5,6
89,Ticket #90,UserStory #271,1.0,1.0,1.0,5,6
90,Ticket #91,UserStory #285,0.4,0.4,1.0,5,6
91,Ticket #92,UserStory #299,1.8,1.8,1.0,5,6
92,Ticket #93,UserStory #304,0.6000000000000001,0.6000000000000001,1.0,5,6
93,Ticket #94,UserStory #321,1.6,1.6,1.0,5,6
94,Ticket #95,UserStory #326,0.4,0.4,1.0,5,6
95,Ticket #96,UserStory #372,1.8,1.8,1.0,5,6
96,Ticket #97,UserStory #378,0.2,0.2,1.0,5,6
97,Ticket #98,UserStory #385,1.8,1.8,1.0,5,6
98,Ticket #99,UserStory #395,0.2,0.2,1.0,5,6
99,Ticket #100,UserStory #399,0.4,0.4,1.0,5,6
100,Ticket #101,UserStory #400,1.4000000000000001,1.4000000000000001,1.0,5,6
101,Ticket #102,UserStory #419,1.0,1.0,1.0,5,6
102,Ticket #103,UserStory #428,1.4000000000000001,1.4000000000000001,1.0,5,6
103,Ticket #104,UserStory #459,0.2,0.2,1.0,5,6
104,Ticket #105,UserStory #468,1.4000000000000001,1.4000000000000001,1.0,5,6
105,Ticket #106,UserStory #496,0.2,0.2,1.0,5,6
106,Ticket #107,UserStory #503,2.0,2.0,1.0,5,6
107,Ticket #108,UserStory #589,1.4000000000000001,1.4000000000000001,1.0,5,6
108,Ticket #109,UserStory #593,1.0,1.0,1.0,5,6
109,Ticket #110,UserStory #612,0.6000000000000001,0.6000000000000001,1.0,5,6
110,Ticket #111,UserStory #622,0.6000000000000001,0.6000000000000001,1.0,5,6
111,Ticket #112,UserStory #637,1.2000000000000002,1.2000000000000002,1.0,5,6
112,Ticket #113,UserStory #640,0.2,0.2,1.0,5,6
113,Ticket #114,UserStory #647,0.2,0.2,1.0,5,6
114,Ticket #115,UserStory #26,1.4000000000000001,1.4000000000000001,1.0,6,7
115,Ticket #116,UserStory #54,1.2000000000000002,1.2000000000000002,1.0,6,7
116,Ticket #117,UserStory #64,0.2,0.2,1.0,6,7
117,Ticket #118,UserStory #96,0.2,0.2,1.0,6,7
118,Ticket #119,UserStory #147,1.4000000000000001,1.4000000000000001,1.0,6,7
119,Ticket #120,UserStory #150,0.2,0.2,1.0,6,7
120,Ticket #121,UserStory #235,0.8,0.8,1.0,6,7
121,Ticket #122,UserStory #252,1.6,1.6,1.0,6,7
122,Ticket #123,UserStory #262,1.6,1.6,1.0,6,7
123,Ticket #124,UserStory #283,1.0,1.0,1.0,6,7
124,Ticket #125,UserStory #284,0.4,0.4,1.0,6,7
125,Ticket #126,UserStory #341,1.4000000000000001,1.4000000000000001,1.0,6,7
126,Ticket #127,UserStory #375,1.8,1.8,1.0,6,7
127,Ticket #128,UserStory #419,1.0,1.0,1.0,6,7
128,Ticket #129,UserStory #432,0.4,0.4,1.0,6,7
129,Ticket #130,UserStory #433,0.6000000000000001,0.6000000000000001,1.0,6,7
130,Ticket #131,UserStory #468,1.4000000000000001,1.4000000000000001,1.0,6,7
131,Ticket #132,UserStory #485,0.6000000000000001,0.6000000000000001,1.0,6,7
132,Ticket #133,UserStory #490,1.2000000000000002,1.2000000000000002,1.0,6,7
133,Ticket #134,UserStory #499,2.0,2.0,1.0,6,7
134,Ticket #135,UserStory #547,1.4000000000000001,1.4000000000000001,1.0,6,7
135,Ticket #136,UserStory #582,1.6,1.6,1.0,6,7
136,Ticket #137,UserStory #659,0.6000000000000001,0.6000000000000001,1.0,6,7
137,Ticket #138,UserStory #24,0.6000000000000001,0.6000000000000001,1.0,7,8
138,Ticket #139,UserStory #65,1.8,1.8,1.0,7,8
139,Ticket #140,UserStory #111,1.8,1.8,1.0,7,8
140,Ticket #141,UserStory #116,0.2,0.2,1.0,7,8
141,Ticket #142,UserStory #128,0.6000000000000001,0.6000000000000001,1.0,7,8
142,Ticket #143,UserStory #138,1.8,1.8,1.0,7,8
143,Ticket #144,UserStory #161,1.8,1.8,1.0,7,8
144,Ticket #145,UserStory #163,1.0,1.0,1.0,7,8
145,Ticket #146,UserStory #224,0.8,0.8,1.0,7,8
146,Ticket #147,UserStory #262,1.6,1.6,1.0,7,8
147,Ticket #148,UserStory #267,1.6,1.6,1.0,7,8
148,Ticket #149,UserStory #301,1.4000000000000001,1.4000000000000001,1.0,7,8
149,Ticket #150,UserStory #307,2.0,2.0,1.0,7,8
150,Ticket #151,UserStory #338,0.8,0.8,1.0,7,8
151,Ticket #152,UserStory #339,1.4000000000000001,1.4000000000000001,1.0,7,8
152,Ticket #153,UserStory #393,1.0,1.0,1.0,7,8
153,Ticket #154,UserStory #430,1.0,1.0,1.0,7,8
154,Ticket #155,UserStory #457,1.6,1.6,1.0,7,8
155,Ticket #156,UserStory #482,1.6,1.6,1.0,7,8
156,Ticket #157,UserStory #484,1.8,1.8,1.0,7,8
157,Ticket #158,UserStory #529,0.4,0.4,1.0,7,8
158,Ticket #159,UserStory #580,1.6,1.6,1.0,7,8
159,Ticket #160,UserStory #648,2.0,2.0,1.0,7,8
160,Ticket #161,UserStory #659,0.6000000000000001,0.6000000000000001,1.0,7,8
161,Ticket #162,UserStory #36,2.0,2.0,1.0,8,9
162,Ticket #163,UserStory #65,1.8,1.8,1.0,8,9
163,Ticket #164,UserStory #128,0.6000000000000001,0.6000000000000001,1.0,8,9
164,Ticket #165,UserStory #154,0.6000000000000001,0.6000000000000001,1.0,8,9
165,Ticket #166,UserStory #161,1.8,1.8,1.0,8,9
166,Ticket #167,UserStory #192,1.2000000000000002,1.2000000000000002,1.0,8,9
167,Ticket #168,UserStory #194,2.0,2.0,1.0,8,9
168,Ticket #169,UserStory #274,0.8,0.8,1.0,8,9
169,Ticket #170,UserStory #301,1.4000000000000001,1.4000000000000001,1.0,8,9
170,Ticket #171,UserStory #338,0.8,0.8,1.0,8,9
171,Ticket #172,UserStory #341,1.4000000000000001,1.4000000000000001,1.0,8,9
172,Ticket #173,UserStory #370,1.2000000000000002,1.2000000000000002,1.0,8,9
173,Ticket #174,UserStory #405,1.4000000000000001,1.4000000000000001,1.0,8,9
174,Ticket #175,UserStory #407,0.6000000000000001,0.6000000000000001,1.0,8,9
175,Ticket #176,UserStory #445,2.0,2.0,1.0,8,9
176,Ticket #177,UserStory #456,0.4,0.4,1.0,8,9
177,Ticket #178,UserStory #564,1.2000000000000002,1.2000000000000002,1.0,8,9
178,Ticket #179,UserStory #2,2.0,2.0,1.0,9,10
179,Ticket #180,UserStory #40,1.2000000000000002,1.2000000000000002,1.0,9,10
180,Ticket #181,UserStory #67,0.4,0.4,1.0,9,10
181,Ticket #182,UserStory #81,2.0,2.0,1.0,9,10
182,Ticket #183,UserStory #85,1.2000000000000002,1.2000000000000002,1.0,9,10
183,Ticket #184,UserStory #99,0.6000000000000001,0.6000000000000001,1.0,9,10
184,Ticket #185,UserStory #149,0.8,0.8,1.0,9,10
185,Ticket #186,UserStory #217,2.0,2.0,1.0,9,10
186,Ticket #187,UserStory #279,0.6000000000000001,0.6000000000000001,1.0,9,10
187,Ticket #188,UserStory #404,2.0,2.0,1.0,9,10
188,Ticket #189,UserStory #415,1.4000000000000001,1.4000000000000001,1.0,9,10
189,Ticket #190,UserStory #424,1.0,1.0,1.0,9,10
190,Ticket #191,UserStory #435,0.8,0.8,1.0,9,10
191,Ticket #192,UserStory #463,0.8,0.8,1.0,9,10
192,Ticket #193,UserStory #507,1.2000000000000002,1.2000000000000002,1.0,9,10
193,Ticket #194,UserStory #509,1.4000000000000001,1.4000000000000001,1.0,9,10
194,Ticket #195,UserStory #524,2.0,2.0,1.0,9,10
195,Ticket #196,UserStory #535,0.4,0.4,1.0,9,10
196,Ticket #197,UserStory #539,1.6,1.6,1.0,9,10
197,Ticket #198,UserStory #572,1.0,1.0,1.0,9,10
198,Ticket #199,UserStory #623,2.0,2.0,1.0,9,10
199,Ticket #200,UserStory #643,0.6000000000000001,0.6000000000000001,1.0,9,10
200,Ticket #201,UserStory #7,1.6,1.6,1.0,10,11
201,Ticket #202,UserStory #16,0.4,0.4,1.0,10,11
202,Ticket #203,UserStory #31,0.4,0.4,1.0,10,11
203,Ticket #204,UserStory #59,0.8,0.8,1.0,10,11
204,Ticket #205,UserStory #71,0.6000000000000001,0.6000000000000001,1.0,10,11
205,Ticket #206,UserStory #107,0.6000000000000001,0.6000000000000001,1.0,10,11
206,Ticket #207,UserStory #165,1.4000000000000001,1.4000000000000001,1.0,10,11
207,Ticket #208,UserStory #181,1.0,1.0,1.0,10,11
208,Ticket #209,UserStory #197,1.2000000000000002,1.2000000000000002,1.0,10,11
209,Ticket #210,UserStory #205,1.0,1.0,1.0,10,11
210,Ticket #211,UserStory #217,2.0,2.0,1.0,10,11
211,Ticket #212,UserStory #305,0.8,0.8,1.0,10,11
212,Ticket #213,UserStory #311,1.2000000000000002,1.2000000000000002,1.0,10,11
213,Ticket #214,UserStory #357,1.8,1.8,1.0,10,11
214,Ticket #215,UserStory #359,1.4000000000000001,1.4000000000000001,1.0,10,11
215,Ticket #216,UserStory #379,2.0,2.0,1.0,10,11
216,Ticket #217,UserStory #382,0.8,0.8,1.0,10,11
217,Ticket #218,UserStory #444,0.8,0.8,1.0,10,11
218,Ticket #219,UserStory #466,0.6000000000000001,0.6000000000000001,1.0,10,11
219,Ticket #220,UserStory #478,1.8,1.8,1.0,10,11
220,Ticket #221,UserStory #515,1.2000000000000002,1.2000000000000002,1.0,10,11
221,Ticket #222,UserStory #523,2.0,2.0,1.0,10,11
222,Ticket #223,UserStory #539,1.6,1.6,1.0,10,11
223,Ticket #224,UserStory #542,0.4,0.4,1.0,10,11
224,Ticket #225,UserStory #572,1.0,1.0,1.0,10,11
225,Ticket #226,UserStory #609,0.4,0.4,1.0,10,11
226,Ticket #227,UserStory #657,1.6,1.6,1.0,10,11
227,Ticket #228,UserStory #38,1.4000000000000001,1.4000000000000001,1.0,11,12
228,Ticket #229,UserStory #59,0.8,0.8,1.0,11,12
229,Ticket #230,UserStory #63,1.0,1.0,1.0,11,12
230,Ticket #231,UserStory #76,1.4000000000000001,1.4000000000000001,1.0,11,12
231,Ticket #232,UserStory #92,2.0,2.0,1.0,11,12
232,Ticket #233,UserStory #105,0.8,0.8,1.0,11,12
233,Ticket #234,UserStory #125,1.8,1.8,1.0,11,12
234,Ticket #235,UserStory #130,1.0,1.0,1.0,11,12
235,Ticket #236,UserStory #149,0.8,0.8,1.0,11,12
236,Ticket #237,UserStory #205,1.0,1.0,1.0,11,12
237,Ticket #238,UserStory #228,2.0,2.0,1.0,11,12
238,Ticket #239,UserStory #290,1.6,1.6,1.0,11,12
239,Ticket #240,UserStory #318,2.0,2.0,1.0,11,12
240,Ticket #241,UserStory #331,1.8,1.8,1.0,11,12
241,Ticket #242,UserStory #466,0.6000000000000001,0.6000000000000001,1.0,11,12
242,Ticket #243,UserStory #473,2.0,2.0,1.0,11,12
243,Ticket #244,UserStory #481,1.0,1.0,1.0,11,12
244,Ticket #245,UserStory #516,1.8,1.8,1.0,11,12
245,Ticket #246,UserStory #536,1.0,1.0,1.0,11,12
246,Ticket #247,UserStory #545,0.6000000000000001,0.6000000000000001,1.0,11,12
247,Ticket #248,UserStory #609,0.4,0.4,1.0,11,12
248,Ticket #249,UserStory #615,0.8,0.8,1.0,11,12
249,Ticket #250,UserStory #619,1.2000000000000002,1.2000000000000002,1.0,11,12
250,Ticket #251,UserStory #63,1.0,1.0,1.0,12,13
251,Ticket #252,UserStory #104,1.0,1.0,1.0,12,13
252,Ticket #253,UserStory #195,2.0,2.0,1.0,12,13
253,Ticket #254,UserStory #197,1.2000000000000002,1.2000000000000002,1.0,12,13
254,Ticket #255,UserStory #232,1.4000000000000001,1.4000000000000001,1.0,12,13
255,Ticket #256,UserStory #255,1.4000000000000001,1.4000000000000001,1.0,12,13
256,Ticket #257,UserStory #319,1.2000000000000002,1.2000000000000002,1.0,12,13
257,Ticket #258,UserStory #328,2.0,2.0,1.0,12,13
258,Ticket #259,UserStory #329,1.8,1.8,1.0,12,13
259,Ticket #260,UserStory #376,1.0,1.0,1.0,12,13
260,Ticket #261,UserStory #418,1.0,1.0,1.0,12,13
261,Ticket #262,UserStory #473,2.0,2.0,1.0,12,13
262,Ticket #263,UserStory #474,1.4000000000000001,1.4000000000000001,1.0,12,13
263,Ticket #264,UserStory #522,1.4000000000000001,1.4000000000000001,1.0,12,13
264,Ticket #265,UserStory #541,1.0,1.0,1.0,12,13
265,Ticket #266,UserStory #616,1.8,1.8,1.0,12,13
266,Ticket #267,UserStory #619,1.2000000000000002,1.2000000000000002,1.0,12,13
267,Ticket #268,UserStory #627,0.6000000000000001,0.6000000000000001,1.0,12,13
268,Ticket #269,UserStory #20,1.6,1.6,1.0,13,14
269,Ticket #270,UserStory #28,1.0,1.0,1.0,13,14
270,Ticket #271,UserStory #39,1.2000000000000002,1.2000000000000002,1.0,13,14
271,Ticket #272,UserStory #63,1.0,1.0,1.0,13,14
272,Ticket #273,UserStory #100,1.6,1.6,1.0,13,14
273,Ticket #274,UserStory #103,1.4000000000000001,1.4000000000000001,1.0,13,14
274,Ticket #275,UserStory #132,1.8,1.8,1.0,13,14
275,Ticket #276,UserStory #344,1.2000000000000002,1.2000000000000002,1.0,13,14
276,Ticket #277,UserStory #411,1.6,1.6,1.0,13,14
277,Ticket #278,UserStory #414,1.4000000000000001,1.4000000000000001,1.0,13,14
278,Ticket #279,UserStory #418,1.0,1.0,1.0,13,14
279,Ticket #280,UserStory #439,1.2000000000000002,1.2000000000000002,1.0,13,14
280,Ticket #281,UserStory #471,1.2000000000000002,1.2000000000000002,1.0,13,14
281,Ticket #282,UserStory #474,1.4000000000000001,1.4000000000000001,1.0,13,14
282,Ticket #283,UserStory #505,0.8,0.8,1.0,13,14
283,Ticket #284,UserStory #541,1.0,1.0,1.0,13,14
284,Ticket #285,UserStory #548,0.8,0.8,1.0,13,14
285,Ticket #286,UserStory #560,1.8,1.8,1.0,13,14
286,Ticket #287,UserStory #625,2.0,2.0,1.0,13,14
287,Ticket #288,UserStory #10,1.8,1.8,1.0,14,15
288,Ticket #289,UserStory #95,1.2000000000000002,1.2000000000000002,1.0,14,15
289,Ticket #290,UserStory #176,1.4000000000000001,1.4000000000000001,1.0,14,15
290,Ticket #291,UserStory #256,2.0,2.0,1.0,14,15
291,Ticket #292,UserStory #264,2.0,2.0,1.0,14,15
292,Ticket #293,UserStory #293,1.6,1.6,1.0,14,15
293,Ticket #294,UserStory #310,1.6,1.6,1.0,14,15
294,Ticket #295,UserStory #317,2.0,2.0,1.0,14,15
295,Ticket #296,UserStory #337,1.6,1.6,1.0,14,15
296,Ticket #297,UserStory #365,1.0,1.0,1.0,14,15
297,Ticket #298,UserStory #367,2.0,2.0,1.0,14,15
298,Ticket #299,UserStory #374,1.8,1.8,1.0,14,15
299,Ticket #300,UserStory #486,1.4000000000000001,1.4000000000000001,1.0,14,15
300,Ticket #301,UserStory #505,0.8,0.8,1.0,14,15
301,Ticket #302,UserStory #520,1.2000000000000002,1.2000000000000002,1.0,14,15
302,Ticket #303,UserStory #531,1.0,1.0,1.0,14,15
303,Ticket #304,UserStory #570,1.2000000000000002,1.2000000000000002,1.0,14,15
304,Ticket #305,UserStory #636,1.0,1.0,1.0,14,15
305,Ticket #306,UserStory #10,1.8,1.8,1.0,15,16
306,Ticket #307,UserStory #167,1.6,1.6,1.0,15,16
307,Ticket #308,UserStory #170,1.8,1.8,1.0,15,16
308,Ticket #309,UserStory #210,1.8,1.8,1.0,15,16
309,Ticket #310,UserStory #221,1.8,1.8,1.0,15,16
310,Ticket #311,UserStory #327,1.6,1.6,1.0,15,16
311,Ticket #312,UserStory #337,1.6,1.6,1.0,15,16
312,Ticket #313,UserStory #365,1.0,1.0,1.0,15,16
313,Ticket #314,UserStory #390,1.4000000000000001,1.4000000000000001,1.0,15,16
314,Ticket #315,UserStory #462,2.0,2.0,1.0,15,16
315,Ticket #316,UserStory #480,2.0,2.0,1.0,15,16
316,Ticket #317,UserStory #488,1.8,1.8,1.0,15,16
317,Ticket #318,UserStory #531,1.0,1.0,1.0,15,16
318,Ticket #319,UserStory #556,1.2000000000000002,1.2000000000000002,1.0,15,16
319,Ticket #320,UserStory #560,1.8,1.8,1.0,15,16
320,Ticket #321,UserStory #4,1.4000000000000001,1.4000000000000001,1.0,16,17
321,Ticket #322,UserStory #183,1.6,1.6,1.0,16,17
322,Ticket #323,UserStory #241,1.2000000000000002,1.2000000000000002,1.0,16,17
323,Ticket #324,UserStory #296,1.8,1.8,1.0,16,17
324,Ticket #325,UserStory #353,1.6,1.6,1.0,16,17
325,Ticket #326,UserStory #442,2.0,2.0,1.0,16,17
326,Ticket #327,UserStory #464,1.6,1.6,1.0,16,17
327,Ticket #328,UserStory #488,1.8,1.8,1.0,16,17
328,Ticket #329,UserStory #513,2.0,2.0,1.0,16,17
