,index,Sprint 11,Sprint 12,Sprint 13,Sprint 14,Sprint 15,Sprint 16,Sprint 17,Sprint 18,Sprint 19
0,Anton Easterday,10.0,10.0,0.733333,7.333333,,,,,
1,Beau Hockensmith,10.0,10.0,10.0,10.0,6.8,,,,
2,Bruno Studley,10.0,10.0,10.0,10.0,2.8,,,,6.0
3,Craig Garlitz,10.0,10.0,10.0,6.8,,4.8,,,
4,Francisco Hoppe,10.0,9.633333,9.0,,,1.6,,,
5,Glenna Mcghie,10.0,10.0,10.0,10.0,,7.2,,,
6,Gregorio Darr,10.0,10.0,7.0,,,,,,
7,Heriberto Martini,10.0,10.0,10.0,2.6,,,,,
