,Owner,Task Type,Task Description,User Story Id,Planned for Sprint,Most Recently Assigned in Sprint,Delivered in Sprint,Original Estimate,Bucket,Effort Spent,Effort Remaining,Percent Achieved,Global Estimate,% Global Done,Sprint
13,Gregorio Darr,UNFINISHED_STORIES,Story implementation,UserStory #73,10,10,NOT_SET,3.666666666666667,CURRENT_SPRINT,0.0,3.666666666666667,0.0,7,0.47619047619047616,12
