,User Story Id,Assigned on Sprint,Assigned to Developer
8,UserStory #7,13,Francisco Hoppe
21,UserStory #40,13,Glenna Mcghie
51,UserStory #73,13,Glenna Mcghie
