,Owner,Task Type,Task Description,User Story Id,Planned for Sprint,Most Recently Assigned in Sprint,Delivered in Sprint,Original Estimate,Bucket,Effort Spent,Effort Remaining,Percent Achieved,Global Estimate,% Global Done,Sprint
0,Anton Easterday,UNFINISHED_STORIES,Story implementation,UserStory #78,5,11,NOT_SET,5.366666666666667,CURRENT_SPRINT,10.0,0.3666666666666674,0.9316770186335402,9,0.9592592592592591,12
1,Anton Easterday,UNFINISHED_STORIES,Story implementation,UserStory #7,11,12,NOT_SET,8.0,CURRENT_SPRINT,0.0,8.0,0.0,8,0.0,12
3,Beau Hockensmith,UNFINISHED_STORIES,Story implementation,UserStory #63,8,12,NOT_SET,6.999999999999999,CURRENT_SPRINT,6.0000000000000036,5.499999999999998,0.21428571428571444,9,0.38888888888888906,12
4,Beau Hockensmith,UNFINISHED_STORIES,Story implementation,UserStory #40,8,12,NOT_SET,4.5,NEXT_SPRINT,0.0,4.5,0.0,6,0.25,12
8,Craig Garlitz,UNFINISHED_STORIES,Story implementation,UserStory #81,5,5,NOT_SET,4.666666666666667,CURRENT_SPRINT,2.000000000000007,3.999999999999998,0.14285714285714338,10,0.6000000000000002,12
12,Gregorio Darr,UNFINISHED_STORIES,Story implementation,UserStory #9,10,10,NOT_SET,5.666666666666667,CURRENT_SPRINT,10.0,2.3333333333333335,0.5882352941176471,9,0.7407407407407407,12
13,Gregorio Darr,UNFINISHED_STORIES,Story implementation,UserStory #73,10,10,NOT_SET,3.666666666666667,CURRENT_SPRINT,0.0,3.666666666666667,0.0,7,0.47619047619047616,12
15,Heriberto Martini,UNFINISHED_STORIES,Story implementation,UserStory #51,10,11,NOT_SET,8.0,CURRENT_SPRINT,5.800000000000001,5.1,0.36250000000000004,8,0.36250000000000004,12
