Developer,0
Anton Easterday,31
Beau Hockensmith,11
Bruno Studley,18
Craig Garlitz,11
Francisco Hoppe,41
Glenna Mcghie,13
Gregorio Darr,11
Heriberto Martini,22
Hyun Jaffe,10
Isaura Casterline,11
Jacinto Immel,10
Jesse Kellogg,26
Josh Rusher,14
Lashaunda Greaves,14
Lonnie Belz,13
Lorriane Demmer,42
Margorie Beringer,24
Marquis Tefft,14
Mckenzie Ma,24
Mervin Lindsay,10
Milan Hinman,10
Mohammad Tineo,9
Nohemi Santini,13
Olevia Haymaker,10
Pedro Sisk,24
Percy Aumiller,9
Randy Pettitt,16
Renee Audette,10
Teddy Straley,8
Tyrone Goo,9
