,Metric,Full R&D Team,Without drag (run #0),% difference (run #0),Without drag (run #1),% difference (run #1),Without drag (run #2),% difference (run #2)
0,Headcount,30.0,24.0,-20.0,19.0,-20.83,15.0,-21.05
1,Implementation Effort (days),4692.0,4343.0,-7.44,3948.0,-9.1,3588.0,-9.12
2,Debugging Effort (days),460.0,414.0,-10.0,394.0,-4.83,314.0,-20.3
3,Total Effort (days),5151.0,4757.0,-7.65,4342.0,-8.72,3903.0,-10.11
4,Cost ($),477814.0,454002.0,-4.98,427520.0,-5.83,407009.0,-4.8
5,Stories completed (#),320.0,320.0,0.0,320.0,0.0,320.0,0.0
6,When implementation is completed (sprint #),22.0,26.0,18.18,28.0,7.69,30.0,7.14
7,When implementation is 90.0% completed (sprint #),18.0,20.0,11.11,22.0,10.0,25.0,13.64
