Developer,Ticket Id
Anton Easterday,8
Beau Hockensmith,2
Bruno Studley,9
Craig Garlitz,5
Francisco Hoppe,16
Glenna Mcghie,3
Gregorio Darr,6
Heriberto Martini,12
Isaura Casterline,2
Jesse Kellogg,6
Josh Rusher,2
Lashaunda Greaves,7
Lonnie Belz,8
Lorriane Demmer,19
Margorie Beringer,9
Marquis Tefft,7
Mckenzie Ma,6
Mervin Lindsay,4
Milan Hinman,5
Nohemi Santini,4
Olevia Haymaker,5
Pedro Sisk,4
Randy Pettitt,1
Tyrone Goo,2
